EdXposed Log
Powered by Log Catcher
QQ support group: 855219808
Telegram support group: @Code_Of_MeowCat
Telegram channel: @EdXposed
--------- beginning of information
Manufacturer: Xiaomi
Brand: Redmi
Device: lmi
Product: lmi
Model: Redmi K30 Pro
Fingerprint: Redmi/lmi/lmi:11/RKQ1.200826.002/V12.5.2.0.RJKCNXM:user/release-keys
ROM description: lmi-user 11 RKQ1.200826.002 V12.5.2.0.RJKCNXM release-keys
Architecture: arm64-v8a
Android build: RKQ1.200826.002
Android version: 11
Android sdk: 30
EdXposed version: v0.5.2.2_4683-master
EdXposed api: 93
Riru version: v23.8 (58)
Riru api: 10
Magisk: 23.0 (23000)
--------- beginning of main
--------- beginning of crash
--------- beginning of system
10-30 00:03:56.156  2039  2039 I EdXposed-Bridge: Loading modules from /data/app/~~FGlpaeIzriTj49h73Iwx7Q==/com.omarea.vtools-tgKydiaJBm_VCpE7dwkWxg==/base.apk
10-30 00:03:56.176  2039  2039 I EdXposed-Bridge:   Loading class com.omarea.xposed.XposedInterface
10-30 00:03:56.204  2039  2039 I EdXposed-Bridge: Loading modules from /data/app/~~77ytTDD0P8_VTyO6DVTMUQ==/ru.jqwxqmlq.daegldyjl-tlOoA96u5FM2H-66UqXeEg==/base.apk
10-30 00:03:56.224  2039  2039 I EdXposed-Bridge:   Loading class com.xposed.XSupport
10-30 00:03:56.253  2039  2039 I EdXposed-Bridge: Loading modules from /data/app/~~01cNJfCZ6NQx4CtimmmREQ==/name.mikanoshi.customiuizer-f1oHvkBFfE9bKDh5GOsIQA==/base.apk
10-30 00:03:56.263  2039  2039 I EdXposed-Bridge:   Loading class name.mikanoshi.customiuizer.MainModule
10-30 00:03:56.343  2039  2039 I EdXposed-Bridge: [CustoMIUIzer][DisableAnyNotificationBlockHook] Failed to hook setBlockableSystem method in android.app.NotificationChannel
10-30 00:03:56.913  2039  2039 I EdXposed-Bridge: [CustoMIUIzer][hook] Failed to hook grantSignaturePermission method in com.android.server.pm.PackageManagerService
10-30 00:03:56.954  2039  2039 I EdXposed-Bridge: [CustoMIUIzer][HideFromRecentsHook] Failed to hook com.android.server.wm.TaskRecord constructor
10-30 00:03:56.961  2039  2039 I EdXposed-Bridge: [CustoMIUIzer][MoreSnoozeOptionsServiceHook] Failed to hook repost method in com.android.server.notification.SnoozeHelper
10-30 00:04:01.221  2039  2039 E EdXposed-Bridge: java.lang.NoSuchFieldError: android.media.AudioSystem#DEVICE_OUT_ALL
10-30 00:04:01.221  2039  2039 E EdXposed-Bridge: 	at de.robv.android.xposed.XposedHelpers.findField(XposedHelpers.java:116)
10-30 00:04:01.221  2039  2039 E EdXposed-Bridge: 	at de.robv.android.xposed.XposedHelpers.getStaticIntField(XposedHelpers.java:1214)
10-30 00:04:01.221  2039  2039 E EdXposed-Bridge: 	at name.mikanoshi.customiuizer.mods.System$26.before(System.java:4)
10-30 00:04:01.221  2039  2039 E EdXposed-Bridge: 	at name.mikanoshi.customiuizer.utils.Helpers$MethodHook.beforeHookedMethod(Helpers.java:1)
10-30 00:04:01.221  2039  2039 E EdXposed-Bridge: 	at de.robv.android.xposed.MethodHooker.handleHookedMethod(MethodHooker.java:61)
10-30 00:04:01.221  2039  2039 E EdXposed-Bridge: 	at EdHooker_e86c5a51b4ab7c3d31cb6ef08e8ca0d58654d8c1.hook(Unknown Source:43)
10-30 00:04:01.221  2039  2039 E EdXposed-Bridge: 	at com.android.server.audio.AudioService$VolumeStreamState.<init>(AudioService.java:5873)
10-30 00:04:01.221  2039  2039 E EdXposed-Bridge: 	at com.android.server.audio.AudioService$VolumeStreamState.<init>(AudioService.java:5822)
10-30 00:04:01.221  2039  2039 E EdXposed-Bridge: 	at com.android.server.audio.AudioService.createStreamStates(AudioService.java:1454)
10-30 00:04:01.221  2039  2039 E EdXposed-Bridge: 	at com.android.server.audio.AudioService.<init>(AudioService.java:869)
10-30 00:04:01.221  2039  2039 E EdXposed-Bridge: 	at com.android.server.audio.AudioService.<init>(AudioService.java:710)
10-30 00:04:01.221  2039  2039 E EdXposed-Bridge: 	at com.android.server.audio.AudioService$Lifecycle.<init>(AudioService.java:658)
10-30 00:04:01.221  2039  2039 E EdXposed-Bridge: 	at java.lang.reflect.Constructor.newInstance0(Native Method)
10-30 00:04:01.221  2039  2039 E EdXposed-Bridge: 	at java.lang.reflect.Constructor.newInstance(Constructor.java:343)
10-30 00:04:01.221  2039  2039 E EdXposed-Bridge: 	at com.android.server.SystemServiceManager.startService(SystemServiceManager.java:150)
10-30 00:04:01.221  2039  2039 E EdXposed-Bridge: 	at com.android.server.SystemServer.startOtherServices(SystemServer.java:1713)
10-30 00:04:01.221  2039  2039 E EdXposed-Bridge: 	at com.android.server.SystemServer.run(SystemServer.java:611)
10-30 00:04:01.221  2039  2039 E EdXposed-Bridge: 	at com.android.server.SystemServer.main(SystemServer.java:421)
10-30 00:04:01.221  2039  2039 E EdXposed-Bridge: 	at java.lang.reflect.Method.invoke(Native Method)
10-30 00:04:01.221  2039  2039 E EdXposed-Bridge: 	at com.android.internal.os.RuntimeInit$MethodAndArgsCaller.run(RuntimeInit.java:656)
10-30 00:04:01.221  2039  2039 E EdXposed-Bridge: 	at com.android.internal.os.ZygoteInit.main(ZygoteInit.java:945)
10-30 00:04:03.020  2877  2877 I EdXposed-Bridge: Loading modules from /data/app/~~01cNJfCZ6NQx4CtimmmREQ==/name.mikanoshi.customiuizer-f1oHvkBFfE9bKDh5GOsIQA==/base.apk
10-30 00:04:03.033  2877  2877 I EdXposed-Bridge:   Loading class name.mikanoshi.customiuizer.MainModule
10-30 00:04:03.103  2877  2877 I EdXposed-Bridge: [CustoMIUIzer][DisableAnyNotificationBlockHook] Failed to hook setBlockableSystem method in android.app.NotificationChannel
10-30 00:04:03.133  2877  2877 I EdXposed-Bridge: Loading modules from /data/app/~~FGlpaeIzriTj49h73Iwx7Q==/com.omarea.vtools-tgKydiaJBm_VCpE7dwkWxg==/base.apk
10-30 00:04:03.226  2877  2877 I EdXposed-Bridge:   Loading class com.omarea.xposed.XposedInterface
10-30 00:04:03.241  2877  2877 I EdXposed-Bridge: Loading modules from /data/app/~~77ytTDD0P8_VTyO6DVTMUQ==/ru.jqwxqmlq.daegldyjl-tlOoA96u5FM2H-66UqXeEg==/base.apk
10-30 00:04:03.352  2934  2934 I EdXposed-Bridge: Loading modules from /data/app/~~FGlpaeIzriTj49h73Iwx7Q==/com.omarea.vtools-tgKydiaJBm_VCpE7dwkWxg==/base.apk
10-30 00:04:03.363  2934  2934 I EdXposed-Bridge:   Loading class com.omarea.xposed.XposedInterface
10-30 00:04:03.369  2934  2934 I EdXposed-Bridge: Loading modules from /data/app/~~77ytTDD0P8_VTyO6DVTMUQ==/ru.jqwxqmlq.daegldyjl-tlOoA96u5FM2H-66UqXeEg==/base.apk
10-30 00:04:03.369  2877  2877 I EdXposed-Bridge:   Loading class com.xposed.XSupport
10-30 00:04:03.383  2934  2934 I EdXposed-Bridge:   Loading class com.xposed.XSupport
10-30 00:04:03.390  2934  2934 I EdXposed-Bridge: Loading modules from /data/app/~~79SevU-3NzCOhUw6eB7_ZA==/miui.statusbar.lyric-R04IjNDtPMb3XG4lQzOlkg==/base.apk
10-30 00:04:03.406  2934  2934 I EdXposed-Bridge:   Loading class miui.statusbar.lyric.hook.MainHook
10-30 00:04:03.407  2934  2934 I EdXposed-Bridge: Loading modules from /data/app/~~01cNJfCZ6NQx4CtimmmREQ==/name.mikanoshi.customiuizer-f1oHvkBFfE9bKDh5GOsIQA==/base.apk
10-30 00:04:03.413  2934  2934 I EdXposed-Bridge:   Loading class name.mikanoshi.customiuizer.MainModule
10-30 00:04:03.505  2934  2934 I EdXposed-Bridge: [CustoMIUIzer][DisableAnyNotificationBlockHook] Failed to hook setBlockableSystem method in android.app.NotificationChannel
10-30 00:04:03.757  2934  2934 I EdXposed-Bridge: [CustoMIUIzer][RecentsBlurRatioHook] Failed to hook com.android.systemui.recents.views.RecentsView constructor
10-30 00:04:03.758  2934  2934 I EdXposed-Bridge: [CustoMIUIzer][RecentsBlurRatioHook] Failed to hook updateBlurRatio method in com.android.systemui.recents.views.RecentsView
10-30 00:04:03.758  2934  2934 I EdXposed-Bridge: [CustoMIUIzer][DrawerBlurRatioHook] Failed to hook com.android.systemui.statusbar.phone.StatusBarWindowManager constructor
10-30 00:04:03.759  2934  2934 I EdXposed-Bridge: [CustoMIUIzer][DrawerBlurRatioHook] Failed to hook setBlurRatio method in com.android.systemui.statusbar.phone.StatusBarWindowManager
10-30 00:04:03.765  2934  2934 I EdXposed-Bridge: [CustoMIUIzer][DrawerBlurRatioHook] Failed to hook updateStatusBarWindowBlur method in com.android.systemui.statusbar.phone.NotificationPanelView
10-30 00:04:03.765  2934  2934 I EdXposed-Bridge: [CustoMIUIzer][DrawerBlurRatioHook] Failed to hook com.android.systemui.miui.statusbar.phone.ControlPanelWindowManager constructor
10-30 00:04:03.766  2934  2934 I EdXposed-Bridge: [CustoMIUIzer][DrawerBlurRatioHook] Failed to hook applyBlurRatio method in com.android.systemui.miui.statusbar.phone.ControlPanelWindowManager
10-30 00:04:03.768  2934  2934 I EdXposed-Bridge: [CustoMIUIzer][DrawerThemeBackgroundHook] Failed to hook updateStatusBarWindowBlur method in com.android.systemui.statusbar.phone.NotificationPanelView
10-30 00:04:03.773  2934  2934 I EdXposed-Bridge: [CustoMIUIzer][NetSpeedIntervalHook] Failed to hook onAttachedToWindow method in com.android.systemui.statusbar.NetworkSpeedView
10-30 00:04:03.773  2934  2934 I EdXposed-Bridge: [CustoMIUIzer][BlurVolumeDialogBackgroundHook] Failed to hook onAttachedToWindow method in com.android.systemui.miui.volume.MiuiVolumeDialogView
10-30 00:04:03.773  2934  2934 I EdXposed-Bridge: [CustoMIUIzer][BlurVolumeDialogBackgroundHook] Failed to hook onExpandStateUpdated method in com.android.systemui.miui.volume.MiuiVolumeDialogView
10-30 00:04:03.774  2934  2934 I EdXposed-Bridge: [CustoMIUIzer][BlurVolumeDialogBackgroundHook] Failed to hook initDialog method in com.android.systemui.miui.volume.MiuiVolumeDialogImpl
10-30 00:04:03.774  2934  2934 I EdXposed-Bridge: [CustoMIUIzer][LockScreenTimeoutHook] Failed to hook applyUserActivityTimeout method in com.android.systemui.statusbar.phone.StatusBarWindowManager
10-30 00:04:03.774  2934  2934 I EdXposed-Bridge: [CustoMIUIzer][VolumeDialogAutohideDelayHook] Failed to hook computeTimeoutH method in com.android.systemui.miui.volume.MiuiVolumeDialogImpl
10-30 00:04:03.776  2934  2934 I EdXposed-Bridge: [CustoMIUIzer][LockScreenAlbumArtHook] Failed to hook updateMediaMetaData method in com.android.systemui.statusbar.phone.StatusBar
10-30 00:04:03.777  2934  2934 I EdXposed-Bridge: [CustoMIUIzer][NoMoreIconHook] Failed to hook setIconsVisibility method in com.android.systemui.statusbar.phone.NotificationIconAreaController
10-30 00:04:03.777  2934  2934 I EdXposed-Bridge: [CustoMIUIzer][NotificationRowMenuHook] Failed to hook createMenuViews method in com.android.systemui.statusbar.NotificationMenuRow
10-30 00:04:03.778  2934  2934 I EdXposed-Bridge: [CustoMIUIzer][NotificationRowMenuHook] Failed to hook onClick method in com.android.systemui.statusbar.NotificationMenuRow
10-30 00:04:03.778  2934  2934 I EdXposed-Bridge: [CustoMIUIzer][HideMemoryCleanHook] Failed to hook setupVisible method in com.android.systemui.recents.RecentsActivity
10-30 00:04:03.779  2934  2934 I EdXposed-Bridge: [CustoMIUIzer][AudioVisualizerHook] Failed to hook makeStatusBarView method in com.android.systemui.statusbar.phone.StatusBar
10-30 00:04:03.779  2934  2934 I EdXposed-Bridge: [CustoMIUIzer][AudioVisualizerHook] Failed to hook onScreenTurnedOff method in com.android.systemui.statusbar.phone.StatusBar
10-30 00:04:03.779  2934  2934 I EdXposed-Bridge: [CustoMIUIzer][AudioVisualizerHook] Failed to hook updateKeyguardState method in com.android.systemui.statusbar.phone.StatusBar
10-30 00:04:03.780  2934  2934 I EdXposed-Bridge: [CustoMIUIzer][AudioVisualizerHook] Failed to hook onExpandingFinished method in com.android.systemui.statusbar.phone.NotificationPanelView
10-30 00:04:03.780  2934  2934 I EdXposed-Bridge: [CustoMIUIzer][AudioVisualizerHook] Failed to hook updateMediaMetaData method in com.android.systemui.statusbar.phone.StatusBar
10-30 00:04:03.780  2934  2934 I EdXposed-Bridge: [CustoMIUIzer][NotificationVolumeDialogHook] Failed to hook initDialog method in com.android.systemui.miui.volume.MiuiVolumeDialogImpl
10-30 00:04:03.781  2934  2934 I EdXposed-Bridge: [CustoMIUIzer][BatteryIndicatorHook] Failed to hook makeStatusBarView method in com.android.systemui.statusbar.phone.StatusBar
10-30 00:04:03.788  2934  2934 I EdXposed-Bridge: [CustoMIUIzer][BatteryIndicatorHook] Failed to hook updateKeyguardState method in com.android.systemui.statusbar.phone.StatusBar
10-30 00:04:03.788  2934  2934 I EdXposed-Bridge: [CustoMIUIzer][BatteryIndicatorHook] Failed to hook onDarkChanged method in com.android.systemui.statusbar.phone.NotificationIconAreaController
10-30 00:04:03.793  2934  2934 I EdXposed-Bridge: [CustoMIUIzer][BatteryIndicatorHook] Failed to hook fireExtremePowerSaveChanged method in com.android.systemui.statusbar.policy.BatteryControllerImpl
10-30 00:04:03.793  2934  2934 I EdXposed-Bridge: [CustoMIUIzer][LockScreenShortcutHook] Failed to hook getIcon method in com.android.systemui.statusbar.phone.KeyguardBottomAreaView$DefaultLeftButton
10-30 00:04:03.794  2934  2934 I EdXposed-Bridge: [CustoMIUIzer][LockScreenShortcutHook] Failed to hook getIcon method in com.android.systemui.statusbar.phone.KeyguardBottomAreaView$DefaultRightButton
10-30 00:04:03.809  2934  2934 I EdXposed-Bridge: [CustoMIUIzer][LockScreenShortcutHook] Failed to hook updateWallpaper method in com.android.systemui.statusbar.phone.NotificationPanelView
10-30 00:04:03.809  2934  2934 I EdXposed-Bridge: [CustoMIUIzer][LockScreenShortcutHook] Failed to hook setCameraImage method in com.android.systemui.statusbar.phone.NotificationPanelView
10-30 00:04:03.810  2934  2934 I EdXposed-Bridge: [CustoMIUIzer][LockScreenShortcutHook] Failed to hook setTranslation method in com.android.systemui.statusbar.phone.KeyguardMoveHelper
10-30 00:04:03.810  2934  2934 I EdXposed-Bridge: [CustoMIUIzer][LockScreenShortcutHook] Failed to hook fling method in com.android.systemui.statusbar.phone.KeyguardMoveHelper
10-30 00:04:03.819  2934  2934 I EdXposed-Bridge: [CustoMIUIzer][BrightnessLuxHook] Failed to hook constructor in com.android.systemui.miui.controlcenter.QCToggleSliderView
10-30 00:04:03.819  2934  2934 I EdXposed-Bridge: [CustoMIUIzer][BrightnessLuxHook] Failed to hook makeStatusBarView method in com.android.systemui.statusbar.phone.StatusBar
10-30 00:04:03.820  2934  2934 I EdXposed-Bridge: [CustoMIUIzer][BrightnessLuxHook] Failed to hook setListening method in com.android.systemui.miui.controlcenter.QSControlCenterPanel
10-30 00:04:03.820  2934  2934 I EdXposed-Bridge: [CustoMIUIzer][BrightnessLuxHook] Failed to hook updateResources method in com.android.systemui.miui.controlcenter.QSControlCenterPanel
10-30 00:04:03.820  2934  2934 I EdXposed-Bridge: [CustoMIUIzer][BrightnessLuxHook] Failed to hook onScreenTurnedOff method in com.android.systemui.statusbar.phone.StatusBar
10-30 00:04:03.821  2934  2934 I EdXposed-Bridge: [CustoMIUIzer][BrightnessLuxHook] Failed to hook onScreenTurnedOn method in com.android.systemui.statusbar.phone.StatusBar
10-30 00:04:03.828  2934  2934 I EdXposed-Bridge: [CustoMIUIzer][BrightnessPctHook] Failed to hook showMirror method in com.android.systemui.miui.controlcenter.policy.QCBrightnessMirrorController
10-30 00:04:03.829  2934  2934 I EdXposed-Bridge: [CustoMIUIzer][BrightnessPctHook] Failed to hook hideMirror method in com.android.systemui.miui.controlcenter.policy.QCBrightnessMirrorController
10-30 00:04:03.829  2934  2934 I EdXposed-Bridge: [CustoMIUIzer][BrightnessPctHook] Failed to hook onChanged method in com.android.systemui.settings.BrightnessController
10-30 00:04:03.836  2934  2934 I EdXposed-Bridge: [CustoMIUIzer][RemoveDrawerBackgroundHook] Failed to hook drawChild method in com.android.systemui.statusbar.phone.NotificationPanelView
10-30 00:04:03.836  2934  2934 I EdXposed-Bridge: [CustoMIUIzer][MoreSnoozeOptionsHook] Failed to hook getDefaultSnoozeOptions method in com.android.systemui.statusbar.NotificationSnooze
10-30 00:04:03.837  2934  2934 I EdXposed-Bridge: [CustoMIUIzer][MoreSnoozeOptionsHook] Failed to hook createOptionViews method in com.android.systemui.statusbar.NotificationSnooze
10-30 00:04:03.837  2934  2934 I EdXposed-Bridge: [CustoMIUIzer][TapToUnlockHook] Failed to hook onTouchEvent method in com.android.systemui.statusbar.phone.NotificationPanelView
10-30 00:04:03.837  2934  2934 I EdXposed-Bridge: [CustoMIUIzer][TapToUnlockHook] Failed to hook onInterceptTouchEvent method in com.android.systemui.statusbar.phone.NotificationPanelView
10-30 00:04:03.846  2934  2934 I EdXposed-Bridge: [CustoMIUIzer][HideIconsVPNHook] Failed to hook apply method in com.android.systemui.statusbar.SignalClusterView
10-30 00:04:03.846  2934  2934 I EdXposed-Bridge: [CustoMIUIzer][ReplaceClockAppHook] Failed to hook onFinishInflate method in com.android.systemui.statusbar.HeaderView
10-30 00:04:03.846  2934  2934 I EdXposed-Bridge: [CustoMIUIzer][HideNetworkTypeHook] Failed to hook updateMobileType method in com.android.systemui.statusbar.SignalClusterView$PhoneState
10-30 00:04:03.847  2934  2934 I EdXposed-Bridge: [CustoMIUIzer][HideNetworkTypeHook] Failed to hook updateMobileTypeForNormal method in com.android.systemui.statusbar.SignalClusterView$PhoneState
10-30 00:04:03.847  2934  2934 I EdXposed-Bridge: [CustoMIUIzer][BetterPopupsAllowFloatHook] Failed to hook com.android.systemui.miui.statusbar.policy.AppMiniWindowManager constructor
10-30 00:04:03.847  2934  2934 I EdXposed-Bridge: [CustoMIUIzer][BetterPopupsAllowFloatHook] Failed to hook canNotificationSlide method in com.android.systemui.miui.statusbar.policy.AppMiniWindowManager
10-30 00:04:03.851  2934  2934 I EdXposed-Bridge: [CustoMIUIzer][MinimalNotificationViewHook] Failed to hook updateNotification method in com.android.systemui.statusbar.phone.StatusBar
10-30 00:04:03.851  2934  2934 I EdXposed-Bridge: [CustoMIUIzer][NotificationChannelSettingsHook] Failed to hook onClickMenuSettings method in com.android.systemui.statusbar.phone.StatusBar
10-30 00:04:03.995  3041  3041 I EdXposed-Bridge: Loading modules from /data/app/~~FGlpaeIzriTj49h73Iwx7Q==/com.omarea.vtools-tgKydiaJBm_VCpE7dwkWxg==/base.apk
10-30 00:04:04.068  3041  3041 I EdXposed-Bridge:   Loading class com.omarea.xposed.XposedInterface
10-30 00:04:04.075  3041  3041 I EdXposed-Bridge: Loading modules from /data/app/~~77ytTDD0P8_VTyO6DVTMUQ==/ru.jqwxqmlq.daegldyjl-tlOoA96u5FM2H-66UqXeEg==/base.apk
10-30 00:04:04.133  3041  3041 I EdXposed-Bridge:   Loading class com.xposed.XSupport
10-30 00:04:04.141  3041  3041 I EdXposed-Bridge: Loading modules from /data/app/~~01cNJfCZ6NQx4CtimmmREQ==/name.mikanoshi.customiuizer-f1oHvkBFfE9bKDh5GOsIQA==/base.apk
10-30 00:04:04.150  3041  3041 I EdXposed-Bridge:   Loading class name.mikanoshi.customiuizer.MainModule
10-30 00:04:04.250  3089  3089 I EdXposed-Bridge: Loading modules from /data/app/~~FGlpaeIzriTj49h73Iwx7Q==/com.omarea.vtools-tgKydiaJBm_VCpE7dwkWxg==/base.apk
10-30 00:04:04.273  3105  3105 I EdXposed-Bridge: Loading modules from /data/app/~~FGlpaeIzriTj49h73Iwx7Q==/com.omarea.vtools-tgKydiaJBm_VCpE7dwkWxg==/base.apk
10-30 00:04:04.278  3041  3041 I EdXposed-Bridge: [CustoMIUIzer][DisableAnyNotificationBlockHook] Failed to hook setBlockableSystem method in android.app.NotificationChannel
10-30 00:04:04.302  2934  2934 E EdXposed-Bridge: java.lang.NoSuchFieldError: com.android.systemui.statusbar.phone.HeadsUpManagerPhone#mHeadsUpNotificationDecay
10-30 00:04:04.302  2934  2934 E EdXposed-Bridge: 	at de.robv.android.xposed.XposedHelpers.findField(XposedHelpers.java:116)
10-30 00:04:04.302  2934  2934 E EdXposed-Bridge: 	at de.robv.android.xposed.XposedHelpers.setIntField(XposedHelpers.java:854)
10-30 00:04:04.302  2934  2934 E EdXposed-Bridge: 	at name.mikanoshi.customiuizer.mods.System$68.after(System.java:5)
10-30 00:04:04.302  2934  2934 E EdXposed-Bridge: 	at name.mikanoshi.customiuizer.utils.Helpers$MethodHook.afterHookedMethod(Helpers.java:1)
10-30 00:04:04.302  2934  2934 E EdXposed-Bridge: 	at de.robv.android.xposed.MethodHooker.handleHookedMethod(MethodHooker.java:94)
10-30 00:04:04.302  2934  2934 E EdXposed-Bridge: 	at EdHooker_063c9dd744a499ac32fe3797a0770db56a9a8451.hook(Unknown Source:48)
10-30 00:04:04.302  2934  2934 E EdXposed-Bridge: 	at com.android.systemui.statusbar.phone.HeadsUpManagerPhone.<init>(HeadsUpManagerPhone.java:107)
10-30 00:04:04.302  2934  2934 E EdXposed-Bridge: 	at com.android.systemui.dagger.SystemUIDefaultModule.provideHeadsUpManagerPhone(SystemUIDefaultModule.java:135)
10-30 00:04:04.302  2934  2934 E EdXposed-Bridge: 	at com.android.systemui.dagger.SystemUIDefaultModule_ProvideHeadsUpManagerPhoneFactory.proxyProvideHeadsUpManagerPhone(SystemUIDefaultModule_ProvideHeadsUpManagerPhoneFactory.java:87)
10-30 00:04:04.302  2934  2934 E EdXposed-Bridge: 	at com.android.systemui.dagger.SystemUIDefaultModule_ProvideHeadsUpManagerPhoneFactory.provideInstance(SystemUIDefaultModule_ProvideHeadsUpManagerPhoneFactory.java:58)
10-30 00:04:04.302  2934  2934 E EdXposed-Bridge: 	at com.android.systemui.dagger.SystemUIDefaultModule_ProvideHeadsUpManagerPhoneFactory.get(SystemUIDefaultModule_ProvideHeadsUpManagerPhoneFactory.java:44)
10-30 00:04:04.302  2934  2934 E EdXposed-Bridge: 	at com.android.systemui.dagger.SystemUIDefaultModule_ProvideHeadsUpManagerPhoneFactory.get(SystemUIDefaultModule_ProvideHeadsUpManagerPhoneFactory.java:14)
10-30 00:04:04.302  2934  2934 E EdXposed-Bridge: 	at dagger.internal.DoubleCheck.get(DoubleCheck.java:47)
10-30 00:04:04.302  2934  2934 E EdXposed-Bridge: 	at com.android.systemui.statusbar.notification.collection.NotificationRankingManager_Factory.provideInstance(NotificationRankingManager_Factory.java:82)
10-30 00:04:04.302  2934  2934 E EdXposed-Bridge: 	at com.android.systemui.statusbar.notification.collection.NotificationRankingManager_Factory.get(NotificationRankingManager_Factory.java:59)
10-30 00:04:04.302  2934  2934 E EdXposed-Bridge: 	at com.android.systemui.statusbar.notification.collection.NotificationRankingManager_Factory.get(NotificationRankingManager_Factory.java:17)
10-30 00:04:04.302  2934  2934 E EdXposed-Bridge: 	at com.android.systemui.statusbar.notification.dagger.NotificationsModule_ProvideNotificationEntryManagerFactory.provideInstance(NotificationsModule_ProvideNotificationEntryManagerFactory.java:90)
10-30 00:04:04.302  2934  2934 E EdXposed-Bridge: 	at com.android.systemui.statusbar.notification.dagger.NotificationsModule_ProvideNotificationEntryManagerFactory.get(NotificationsModule_ProvideNotificationEntryManagerFactory.java:65)
10-30 00:04:04.302  2934  2934 E EdXposed-Bridge: 	at com.android.systemui.statusbar.notification.dagger.NotificationsModule_ProvideNotificationEntryManagerFactory.get(NotificationsModule_ProvideNotificationEntryManagerFactory.java:19)
10-30 00:04:04.302  2934  2934 E EdXposed-Bridge: 	at dagger.internal.DoubleCheck.get(DoubleCheck.java:47)
10-30 00:04:04.302  2934  2934 E EdXposed-Bridge: 	at com.android.systemui.statusbar.dagger.StatusBarDependenciesModule_ProvideNotificationMediaManagerFactory.provideInstance(StatusBarDependenciesModule_ProvideNotificationMediaManagerFactory.java:93)
10-30 00:04:04.302  2934  2934 E EdXposed-Bridge: 	at com.android.systemui.statusbar.dagger.StatusBarDependenciesModule_ProvideNotificationMediaManagerFactory.get(StatusBarDependenciesModule_ProvideNotificationMediaManagerFactory.java:67)
10-30 00:04:04.302  2934  2934 E EdXposed-Bridge: 	at com.android.systemui.statusbar.dagger.StatusBarDependenciesModule_ProvideNotificationMediaManagerFactory.get(StatusBarDependenciesModule_ProvideNotificationMediaManagerFactory.java:20)
10-30 00:04:04.302  2934  2934 E EdXposed-Bridge: 	at dagger.internal.DoubleCheck.get(DoubleCheck.java:47)
10-30 00:04:04.302  2934  2934 E EdXposed-Bridge: 	at com.android.systemui.dagger.DaggerSystemUIRootComponent.injectKeyguardSliceProvider(DaggerSystemUIRootComponent.java:5028)
10-30 00:04:04.302  2934  2934 E EdXposed-Bridge: 	at com.android.systemui.dagger.DaggerSystemUIRootComponent.inject(DaggerSystemUIRootComponent.java:4991)
10-30 00:04:04.302  2934  2934 E EdXposed-Bridge: 	at com.android.systemui.keyguard.KeyguardSliceProvider.inject(KeyguardSliceProvider.java:323)
10-30 00:04:04.302  2934  2934 E EdXposed-Bridge: 	at com.android.systemui.keyguard.KeyguardSliceProvider.onCreateSliceProvider(KeyguardSliceProvider.java:301)
10-30 00:04:04.302  2934  2934 E EdXposed-Bridge: 	at androidx.slice.SliceProvider.onCreate(SliceProvider.java:211)
10-30 00:04:04.302  2934  2934 E EdXposed-Bridge: 	at android.content.ContentProvider.attachInfo(ContentProvider.java:2411)
10-30 00:04:04.302  2934  2934 E EdXposed-Bridge: 	at android.content.ContentProvider.attachInfo(ContentProvider.java:2381)
10-30 00:04:04.302  2934  2934 E EdXposed-Bridge: 	at androidx.slice.SliceProvider.attachInfo(SliceProvider.java:250)
10-30 00:04:04.302  2934  2934 E EdXposed-Bridge: 	at androidx.slice.compat.SliceProviderWrapperContainer$SliceProviderWrapper.attachInfo(SliceProviderWrapperContainer.java:74)
10-30 00:04:04.302  2934  2934 E EdXposed-Bridge: 	at android.app.ActivityThread.installProvider(ActivityThread.java:7459)
10-30 00:04:04.302  2934  2934 E EdXposed-Bridge: 	at android.app.ActivityThread.installContentProviders(ActivityThread.java:6938)
10-30 00:04:04.302  2934  2934 E EdXposed-Bridge: 	at android.app.ActivityThread.handleBindApplication(ActivityThread.java:6833)
10-30 00:04:04.302  2934  2934 E EdXposed-Bridge: 	at java.lang.reflect.Method.invoke(Native Method)
10-30 00:04:04.302  2934  2934 E EdXposed-Bridge: 	at de.robv.android.xposed.MethodHooker.handleHookedMethod(MethodHooker.java:81)
10-30 00:04:04.302  2934  2934 E EdXposed-Bridge: 	at EdHooker_42b8453bf7df105343083f1377c32094be493c49.hook(Unknown Source:48)
10-30 00:04:04.302  2934  2934 E EdXposed-Bridge: 	at android.app.ActivityThread.access$1400(ActivityThread.java:246)
10-30 00:04:04.302  2934  2934 E EdXposed-Bridge: 	at android.app.ActivityThread$H.handleMessage(ActivityThread.java:1955)
10-30 00:04:04.302  2934  2934 E EdXposed-Bridge: 	at android.os.Handler.dispatchMessage(Handler.java:106)
10-30 00:04:04.302  2934  2934 E EdXposed-Bridge: 	at android.os.Looper.loop(Looper.java:236)
10-30 00:04:04.302  2934  2934 E EdXposed-Bridge: 	at android.app.ActivityThread.main(ActivityThread.java:7876)
10-30 00:04:04.302  2934  2934 E EdXposed-Bridge: 	at java.lang.reflect.Method.invoke(Native Method)
10-30 00:04:04.302  2934  2934 E EdXposed-Bridge: 	at com.android.internal.os.RuntimeInit$MethodAndArgsCaller.run(RuntimeInit.java:656)
10-30 00:04:04.302  2934  2934 E EdXposed-Bridge: 	at com.android.internal.os.ZygoteInit.main(ZygoteInit.java:967)
10-30 00:04:04.325  3117  3117 I EdXposed-Bridge: Loading modules from /data/app/~~FGlpaeIzriTj49h73Iwx7Q==/com.omarea.vtools-tgKydiaJBm_VCpE7dwkWxg==/base.apk
10-30 00:04:04.326  3089  3089 I EdXposed-Bridge:   Loading class com.omarea.xposed.XposedInterface
10-30 00:04:04.332  3089  3089 I EdXposed-Bridge: Loading modules from /data/app/~~77ytTDD0P8_VTyO6DVTMUQ==/ru.jqwxqmlq.daegldyjl-tlOoA96u5FM2H-66UqXeEg==/base.apk
10-30 00:04:04.368  3065  3065 I EdXposed-Bridge: Loading modules from /data/app/~~FGlpaeIzriTj49h73Iwx7Q==/com.omarea.vtools-tgKydiaJBm_VCpE7dwkWxg==/base.apk
10-30 00:04:04.392  3105  3105 I EdXposed-Bridge:   Loading class com.omarea.xposed.XposedInterface
10-30 00:04:04.398  3105  3105 I EdXposed-Bridge: Loading modules from /data/app/~~77ytTDD0P8_VTyO6DVTMUQ==/ru.jqwxqmlq.daegldyjl-tlOoA96u5FM2H-66UqXeEg==/base.apk
10-30 00:04:04.401  3078  3078 I EdXposed-Bridge: Loading modules from /data/app/~~FGlpaeIzriTj49h73Iwx7Q==/com.omarea.vtools-tgKydiaJBm_VCpE7dwkWxg==/base.apk
10-30 00:04:04.483  3117  3117 I EdXposed-Bridge:   Loading class com.omarea.xposed.XposedInterface
10-30 00:04:04.489  3117  3117 I EdXposed-Bridge: Loading modules from /data/app/~~77ytTDD0P8_VTyO6DVTMUQ==/ru.jqwxqmlq.daegldyjl-tlOoA96u5FM2H-66UqXeEg==/base.apk
10-30 00:04:04.523  3089  3089 I EdXposed-Bridge:   Loading class com.xposed.XSupport
10-30 00:04:04.556  3089  3089 I EdXposed-Bridge: Loading modules from /data/app/~~01cNJfCZ6NQx4CtimmmREQ==/name.mikanoshi.customiuizer-f1oHvkBFfE9bKDh5GOsIQA==/base.apk
10-30 00:04:04.565  3129  3129 I EdXposed-Bridge: Loading modules from /data/app/~~FGlpaeIzriTj49h73Iwx7Q==/com.omarea.vtools-tgKydiaJBm_VCpE7dwkWxg==/base.apk
10-30 00:04:04.553  3105  3105 I EdXposed-Bridge:   Loading class com.xposed.XSupport
10-30 00:04:04.578  3059  3059 I EdXposed-Bridge: Loading modules from /data/app/~~FGlpaeIzriTj49h73Iwx7Q==/com.omarea.vtools-tgKydiaJBm_VCpE7dwkWxg==/base.apk
10-30 00:04:04.583  3105  3105 I EdXposed-Bridge: Loading modules from /data/app/~~01cNJfCZ6NQx4CtimmmREQ==/name.mikanoshi.customiuizer-f1oHvkBFfE9bKDh5GOsIQA==/base.apk
10-30 00:04:04.592  3089  3089 I EdXposed-Bridge:   Loading class name.mikanoshi.customiuizer.MainModule
10-30 00:04:04.594  3065  3065 I EdXposed-Bridge:   Loading class com.omarea.xposed.XposedInterface
10-30 00:04:04.618  3117  3117 I EdXposed-Bridge:   Loading class com.xposed.XSupport
10-30 00:04:04.622  3078  3078 I EdXposed-Bridge:   Loading class com.omarea.xposed.XposedInterface
10-30 00:04:04.624  3065  3065 I EdXposed-Bridge: Loading modules from /data/app/~~77ytTDD0P8_VTyO6DVTMUQ==/ru.jqwxqmlq.daegldyjl-tlOoA96u5FM2H-66UqXeEg==/base.apk
10-30 00:04:04.625  3162  3162 I EdXposed-Bridge: Loading modules from /data/app/~~FGlpaeIzriTj49h73Iwx7Q==/com.omarea.vtools-tgKydiaJBm_VCpE7dwkWxg==/base.apk
10-30 00:04:04.631  3162  3162 I EdXposed-Bridge:   Loading class com.omarea.xposed.XposedInterface
10-30 00:04:04.634  3117  3117 I EdXposed-Bridge: Loading modules from /data/app/~~01cNJfCZ6NQx4CtimmmREQ==/name.mikanoshi.customiuizer-f1oHvkBFfE9bKDh5GOsIQA==/base.apk
10-30 00:04:04.644  3162  3162 I EdXposed-Bridge: Loading modules from /data/app/~~77ytTDD0P8_VTyO6DVTMUQ==/ru.jqwxqmlq.daegldyjl-tlOoA96u5FM2H-66UqXeEg==/base.apk
10-30 00:04:04.648  3162  3162 I EdXposed-Bridge:   Loading class com.xposed.XSupport
10-30 00:04:04.652  3139  3139 I EdXposed-Bridge: Loading modules from /data/app/~~FGlpaeIzriTj49h73Iwx7Q==/com.omarea.vtools-tgKydiaJBm_VCpE7dwkWxg==/base.apk
10-30 00:04:04.653  3162  3162 I EdXposed-Bridge: Loading modules from /data/app/~~01cNJfCZ6NQx4CtimmmREQ==/name.mikanoshi.customiuizer-f1oHvkBFfE9bKDh5GOsIQA==/base.apk
10-30 00:04:04.654  3117  3117 I EdXposed-Bridge:   Loading class name.mikanoshi.customiuizer.MainModule
10-30 00:04:04.655  3078  3078 I EdXposed-Bridge: Loading modules from /data/app/~~77ytTDD0P8_VTyO6DVTMUQ==/ru.jqwxqmlq.daegldyjl-tlOoA96u5FM2H-66UqXeEg==/base.apk
10-30 00:04:04.663  3162  3162 I EdXposed-Bridge:   Loading class name.mikanoshi.customiuizer.MainModule
10-30 00:04:04.667  3105  3105 I EdXposed-Bridge:   Loading class name.mikanoshi.customiuizer.MainModule
10-30 00:04:04.693  3171  3171 I EdXposed-Bridge: Loading modules from /data/app/~~FGlpaeIzriTj49h73Iwx7Q==/com.omarea.vtools-tgKydiaJBm_VCpE7dwkWxg==/base.apk
10-30 00:04:04.784  3162  3162 I EdXposed-Bridge: [CustoMIUIzer][DisableAnyNotificationBlockHook] Failed to hook setBlockableSystem method in android.app.NotificationChannel
10-30 00:04:04.802  3059  3059 I EdXposed-Bridge:   Loading class com.omarea.xposed.XposedInterface
10-30 00:04:04.808  3129  3129 I EdXposed-Bridge:   Loading class com.omarea.xposed.XposedInterface
10-30 00:04:04.815  3129  3129 I EdXposed-Bridge: Loading modules from /data/app/~~77ytTDD0P8_VTyO6DVTMUQ==/ru.jqwxqmlq.daegldyjl-tlOoA96u5FM2H-66UqXeEg==/base.apk
10-30 00:04:04.817  3059  3059 I EdXposed-Bridge: Loading modules from /data/app/~~77ytTDD0P8_VTyO6DVTMUQ==/ru.jqwxqmlq.daegldyjl-tlOoA96u5FM2H-66UqXeEg==/base.apk
10-30 00:04:04.841  3065  3065 I EdXposed-Bridge:   Loading class com.xposed.XSupport
10-30 00:04:04.863  3065  3065 I EdXposed-Bridge: Loading modules from /data/app/~~01cNJfCZ6NQx4CtimmmREQ==/name.mikanoshi.customiuizer-f1oHvkBFfE9bKDh5GOsIQA==/base.apk
10-30 00:04:04.871  3078  3078 I EdXposed-Bridge:   Loading class com.xposed.XSupport
10-30 00:04:04.886  3139  3139 I EdXposed-Bridge:   Loading class com.omarea.xposed.XposedInterface
10-30 00:04:04.893  3078  3078 I EdXposed-Bridge: Loading modules from /data/app/~~01cNJfCZ6NQx4CtimmmREQ==/name.mikanoshi.customiuizer-f1oHvkBFfE9bKDh5GOsIQA==/base.apk
10-30 00:04:04.897  3065  3065 I EdXposed-Bridge:   Loading class name.mikanoshi.customiuizer.MainModule
10-30 00:04:04.907  3139  3139 I EdXposed-Bridge: Loading modules from /data/app/~~77ytTDD0P8_VTyO6DVTMUQ==/ru.jqwxqmlq.daegldyjl-tlOoA96u5FM2H-66UqXeEg==/base.apk
10-30 00:04:04.922  3078  3078 I EdXposed-Bridge:   Loading class name.mikanoshi.customiuizer.MainModule
10-30 00:04:04.929  3117  3117 I EdXposed-Bridge: [CustoMIUIzer][DisableAnyNotificationBlockHook] Failed to hook setBlockableSystem method in android.app.NotificationChannel
10-30 00:04:04.939  2934  2934 E EdXposed-Bridge: java.lang.NoSuchMethodError: com.android.systemui.statusbar.KeyguardIndicationController#updateIndication()#bestmatch
10-30 00:04:04.939  2934  2934 E EdXposed-Bridge: 	at de.robv.android.xposed.XposedHelpers.findMethodBestMatch(XposedHelpers.java:443)
10-30 00:04:04.939  2934  2934 E EdXposed-Bridge: 	at de.robv.android.xposed.XposedHelpers.findMethodBestMatch(XposedHelpers.java:456)
10-30 00:04:04.939  2934  2934 E EdXposed-Bridge: 	at de.robv.android.xposed.XposedHelpers.callMethod(XposedHelpers.java:1263)
10-30 00:04:04.939  2934  2934 E EdXposed-Bridge: 	at name.mikanoshi.customiuizer.mods.System$310.after(System.java:3)
10-30 00:04:04.939  2934  2934 E EdXposed-Bridge: 	at name.mikanoshi.customiuizer.utils.Helpers$MethodHook.afterHookedMethod(Helpers.java:1)
10-30 00:04:04.939  2934  2934 E EdXposed-Bridge: 	at de.robv.android.xposed.MethodHooker.handleHookedMethod(MethodHooker.java:94)
10-30 00:04:04.939  2934  2934 E EdXposed-Bridge: 	at EdHooker_f8ad5f504e4fa8ad95d4551d452335ea359612a0.hook(Unknown Source:48)
10-30 00:04:04.939  2934  2934 E EdXposed-Bridge: 	at com.android.systemui.statusbar.KeyguardIndicationController$MiuiBaseKeyguardCallback.onRefreshBatteryInfo(KeyguardIndicationController.java:755)
10-30 00:04:04.939  2934  2934 E EdXposed-Bridge: 	at com.android.keyguard.KeyguardUpdateMonitor.sendUpdates(KeyguardUpdateMonitor.java:2781)
10-30 00:04:04.939  2934  2934 E EdXposed-Bridge: 	at com.android.keyguard.KeyguardUpdateMonitor.registerCallback(KeyguardUpdateMonitor.java:2761)
10-30 00:04:04.939  2934  2934 E EdXposed-Bridge: 	at com.android.systemui.statusbar.KeyguardIndicationController.<init>(KeyguardIndicationController.java:202)
10-30 00:04:04.939  2934  2934 E EdXposed-Bridge: 	at com.android.systemui.statusbar.KeyguardIndicationController_Factory.provideInstance(KeyguardIndicationController_Factory.java:101)
10-30 00:04:04.939  2934  2934 E EdXposed-Bridge: 	at com.android.systemui.statusbar.KeyguardIndicationController_Factory.get(KeyguardIndicationController_Factory.java:67)
10-30 00:04:04.939  2934  2934 E EdXposed-Bridge: 	at com.android.systemui.statusbar.KeyguardIndicationController_Factory.get(KeyguardIndicationController_Factory.java:17)
10-30 00:04:04.939  2934  2934 E EdXposed-Bridge: 	at dagger.internal.DoubleCheck.get(DoubleCheck.java:47)
10-30 00:04:04.939  2934  2934 E EdXposed-Bridge: 	at com.android.systemui.statusbar.phone.LockscreenLockIconController_Factory.provideInstance(LockscreenLockIconController_Factory.java:121)
10-30 00:04:04.939  2934  2934 E EdXposed-Bridge: 	at com.android.systemui.statusbar.phone.LockscreenLockIconController_Factory.get(LockscreenLockIconController_Factory.java:83)
10-30 00:04:04.939  2934  2934 E EdXposed-Bridge: 	at com.android.systemui.statusbar.phone.LockscreenLockIconController_Factory.get(LockscreenLockIconController_Factory.java:17)
10-30 00:04:04.939  2934  2934 E EdXposed-Bridge: 	at dagger.internal.DoubleCheck.get(DoubleCheck.java:47)
10-30 00:04:04.939  2934  2934 E EdXposed-Bridge: 	at com.android.systemui.statusbar.phone.dagger.StatusBarPhoneModule_ProvideStatusBarFactory.provideInstance(StatusBarPhoneModule_ProvideStatusBarFactory.java:619)
10-30 00:04:04.939  2934  2934 E EdXposed-Bridge: 	at com.android.systemui.statusbar.phone.dagger.StatusBarPhoneModule_ProvideStatusBarFactory.get(StatusBarPhoneModule_ProvideStatusBarFactory.java:414)
10-30 00:04:04.939  2934  2934 E EdXposed-Bridge: 	at com.android.systemui.statusbar.phone.dagger.StatusBarPhoneModule_ProvideStatusBarFactory.get(StatusBarPhoneModule_ProvideStatusBarFactory.java:89)
10-30 00:04:04.939  2934  2934 E EdXposed-Bridge: 	at dagger.internal.DoubleCheck.get(DoubleCheck.java:47)
10-30 00:04:04.939  2934  2934 E EdXposed-Bridge: 	at com.android.systemui.dagger.ContextComponentResolver.resolve(ContextComponentResolver.java:100)
10-30 00:04:04.939  2934  2934 E EdXposed-Bridge: 	at com.android.systemui.dagger.ContextComponentResolver.resolveSystemUI(ContextComponentResolver.java:93)
10-30 00:04:04.939  2934  2934 E EdXposed-Bridge: 	at com.android.systemui.SystemUIApplication.startServicesIfNeeded(SystemUIApplication.java:206)
10-30 00:04:04.939  2934  2934 E EdXposed-Bridge: 	at com.android.systemui.SystemUIApplication.startServicesIfNeeded(SystemUIApplication.java:160)
10-30 00:04:04.939  2934  2934 E EdXposed-Bridge: 	at com.android.systemui.SystemUIService.onCreate(SystemUIService.java:66)
10-30 00:04:04.939  2934  2934 E EdXposed-Bridge: 	at android.app.ActivityThread.handleCreateService(ActivityThread.java:4252)
10-30 00:04:04.939  2934  2934 E EdXposed-Bridge: 	at android.app.ActivityThread.access$1600(ActivityThread.java:246)
10-30 00:04:04.939  2934  2934 E EdXposed-Bridge: 	at android.app.ActivityThread$H.handleMessage(ActivityThread.java:1974)
10-30 00:04:04.939  2934  2934 E EdXposed-Bridge: 	at android.os.Handler.dispatchMessage(Handler.java:106)
10-30 00:04:04.939  2934  2934 E EdXposed-Bridge: 	at android.os.Looper.loop(Looper.java:236)
10-30 00:04:04.939  2934  2934 E EdXposed-Bridge: 	at android.app.ActivityThread.main(ActivityThread.java:7876)
10-30 00:04:04.939  2934  2934 E EdXposed-Bridge: 	at java.lang.reflect.Method.invoke(Native Method)
10-30 00:04:04.939  2934  2934 E EdXposed-Bridge: 	at com.android.internal.os.RuntimeInit$MethodAndArgsCaller.run(RuntimeInit.java:656)
10-30 00:04:04.939  2934  2934 E EdXposed-Bridge: 	at com.android.internal.os.ZygoteInit.main(ZygoteInit.java:967)
10-30 00:04:04.976  3171  3171 I EdXposed-Bridge:   Loading class com.omarea.xposed.XposedInterface
10-30 00:04:05.019  3129  3129 I EdXposed-Bridge:   Loading class com.xposed.XSupport
10-30 00:04:05.019  3059  3059 I EdXposed-Bridge:   Loading class com.xposed.XSupport
10-30 00:04:05.032  3129  3129 I EdXposed-Bridge: Loading modules from /data/app/~~01cNJfCZ6NQx4CtimmmREQ==/name.mikanoshi.customiuizer-f1oHvkBFfE9bKDh5GOsIQA==/base.apk
10-30 00:04:05.037  3089  3089 I EdXposed-Bridge: [CustoMIUIzer][DisableAnyNotificationBlockHook] Failed to hook setBlockableSystem method in android.app.NotificationChannel
10-30 00:04:05.042  3059  3059 I EdXposed-Bridge: Loading modules from /data/app/~~01cNJfCZ6NQx4CtimmmREQ==/name.mikanoshi.customiuizer-f1oHvkBFfE9bKDh5GOsIQA==/base.apk
10-30 00:04:05.058  3129  3129 I EdXposed-Bridge:   Loading class name.mikanoshi.customiuizer.MainModule
10-30 00:04:05.083  3059  3059 I EdXposed-Bridge:   Loading class name.mikanoshi.customiuizer.MainModule
10-30 00:04:05.133  3139  3139 I EdXposed-Bridge:   Loading class com.xposed.XSupport
10-30 00:04:05.155  3105  3105 I EdXposed-Bridge: [CustoMIUIzer][DisableAnyNotificationBlockHook] Failed to hook setBlockableSystem method in android.app.NotificationChannel
10-30 00:04:05.157  3139  3139 I EdXposed-Bridge: Loading modules from /data/app/~~01cNJfCZ6NQx4CtimmmREQ==/name.mikanoshi.customiuizer-f1oHvkBFfE9bKDh5GOsIQA==/base.apk
10-30 00:04:05.163  3171  3171 I EdXposed-Bridge:   Loading class com.xposed.XSupport
10-30 00:04:05.186  3171  3171 I EdXposed-Bridge: Loading modules from /data/app/~~01cNJfCZ6NQx4CtimmmREQ==/name.mikanoshi.customiuizer-f1oHvkBFfE9bKDh5GOsIQA==/base.apk
10-30 00:04:05.188  3139  3139 I EdXposed-Bridge:   Loading class name.mikanoshi.customiuizer.MainModule
10-30 00:04:05.195  3171  3171 I EdXposed-Bridge:   Loading class name.mikanoshi.customiuizer.MainModule
10-30 00:04:05.267  2039  2039 E EdXposed-Bridge: java.lang.NoSuchFieldError: android.media.AudioSystem#DEVICE_OUT_ALL
10-30 00:04:05.267  2039  2039 E EdXposed-Bridge: 	at de.robv.android.xposed.XposedHelpers.findField(XposedHelpers.java:105)
10-30 00:04:05.267  2039  2039 E EdXposed-Bridge: 	at de.robv.android.xposed.XposedHelpers.getStaticIntField(XposedHelpers.java:1214)
10-30 00:04:05.267  2039  2039 E EdXposed-Bridge: 	at name.mikanoshi.customiuizer.mods.System$26.before(System.java:4)
10-30 00:04:05.267  2039  2039 E EdXposed-Bridge: 	at name.mikanoshi.customiuizer.utils.Helpers$MethodHook.beforeHookedMethod(Helpers.java:1)
10-30 00:04:05.267  2039  2039 E EdXposed-Bridge: 	at de.robv.android.xposed.MethodHooker.handleHookedMethod(MethodHooker.java:61)
10-30 00:04:05.267  2039  2039 E EdXposed-Bridge: 	at EdHooker_e86c5a51b4ab7c3d31cb6ef08e8ca0d58654d8c1.hook(Unknown Source:43)
10-30 00:04:05.267  2039  2039 E EdXposed-Bridge: 	at com.android.server.audio.AudioService.readAudioSettings(AudioService.java:4290)
10-30 00:04:05.267  2039  2039 E EdXposed-Bridge: 	at com.android.server.audio.AudioService.access$8000(AudioService.java:190)
10-30 00:04:05.267  2039  2039 E EdXposed-Bridge: 	at com.android.server.audio.AudioService$AudioServiceBroadcastReceiver.onReceive(AudioService.java:7028)
10-30 00:04:05.267  2039  2039 E EdXposed-Bridge: 	at android.app.LoadedApk$ReceiverDispatcher$Args.lambda$getRunnable$0$LoadedApk$ReceiverDispatcher$Args(LoadedApk.java:1562)
10-30 00:04:05.267  2039  2039 E EdXposed-Bridge: 	at android.app.-$$Lambda$LoadedApk$ReceiverDispatcher$Args$_BumDX2UKsnxLVrE6UJsJZkotuA.run(Unknown Source:2)
10-30 00:04:05.267  2039  2039 E EdXposed-Bridge: 	at android.os.Handler.handleCallback(Handler.java:938)
10-30 00:04:05.267  2039  2039 E EdXposed-Bridge: 	at android.os.Handler.dispatchMessage(Handler.java:99)
10-30 00:04:05.267  2039  2039 E EdXposed-Bridge: 	at android.os.Looper.loop(Looper.java:236)
10-30 00:04:05.267  2039  2039 E EdXposed-Bridge: 	at com.android.server.SystemServer.run(SystemServer.java:643)
10-30 00:04:05.267  2039  2039 E EdXposed-Bridge: 	at com.android.server.SystemServer.main(SystemServer.java:421)
10-30 00:04:05.267  2039  2039 E EdXposed-Bridge: 	at java.lang.reflect.Method.invoke(Native Method)
10-30 00:04:05.267  2039  2039 E EdXposed-Bridge: 	at com.android.internal.os.RuntimeInit$MethodAndArgsCaller.run(RuntimeInit.java:656)
10-30 00:04:05.267  2039  2039 E EdXposed-Bridge: 	at com.android.internal.os.ZygoteInit.main(ZygoteInit.java:945)
10-30 00:04:05.367  3129  3129 I EdXposed-Bridge: [CustoMIUIzer][DisableAnyNotificationBlockHook] Failed to hook setBlockableSystem method in android.app.NotificationChannel
10-30 00:04:05.384  3065  3065 I EdXposed-Bridge: [CustoMIUIzer][DisableAnyNotificationBlockHook] Failed to hook setBlockableSystem method in android.app.NotificationChannel
10-30 00:04:05.386  3078  3078 I EdXposed-Bridge: [CustoMIUIzer][DisableAnyNotificationBlockHook] Failed to hook setBlockableSystem method in android.app.NotificationChannel
10-30 00:04:05.577  3171  3171 I EdXposed-Bridge: [CustoMIUIzer][DisableAnyNotificationBlockHook] Failed to hook setBlockableSystem method in android.app.NotificationChannel
10-30 00:04:05.590  3139  3139 I EdXposed-Bridge: [CustoMIUIzer][DisableAnyNotificationBlockHook] Failed to hook setBlockableSystem method in android.app.NotificationChannel
10-30 00:04:05.602  3059  3059 I EdXposed-Bridge: [CustoMIUIzer][DisableAnyNotificationBlockHook] Failed to hook setBlockableSystem method in android.app.NotificationChannel
10-30 00:04:05.962  3139  3139 I EdXposed-Bridge: [CustoMIUIzer][FolderBlurHook] Failed to hook setBlurEnabled method in com.miui.home.launcher.blur.BlockingBlurController
10-30 00:04:05.963  3139  3139 I EdXposed-Bridge: [CustoMIUIzer][FolderBlurHook] Failed to hook setBlurAlpha method in com.miui.home.launcher.view.BlurFrameLayout
10-30 00:04:05.963  3139  3139 I EdXposed-Bridge: [CustoMIUIzer][FolderBlurHook] Failed to hook setBlurRadius method in com.miui.home.launcher.view.BlurFrameLayout
10-30 00:04:05.964  3139  3139 I EdXposed-Bridge: [CustoMIUIzer][FolderBlurHook] Failed to hook fastBlur method in com.miui.home.launcher.common.Utilities
10-30 00:04:07.110  3576  3576 I EdXposed-Bridge: Loading modules from /data/app/~~FGlpaeIzriTj49h73Iwx7Q==/com.omarea.vtools-tgKydiaJBm_VCpE7dwkWxg==/base.apk
10-30 00:04:07.174  3576  3576 I EdXposed-Bridge:   Loading class com.omarea.xposed.XposedInterface
10-30 00:04:07.179  3576  3576 I EdXposed-Bridge: Loading modules from /data/app/~~77ytTDD0P8_VTyO6DVTMUQ==/ru.jqwxqmlq.daegldyjl-tlOoA96u5FM2H-66UqXeEg==/base.apk
10-30 00:04:07.234  3576  3576 I EdXposed-Bridge:   Loading class com.xposed.XSupport
10-30 00:04:07.241  3576  3576 I EdXposed-Bridge: Loading modules from /data/app/~~01cNJfCZ6NQx4CtimmmREQ==/name.mikanoshi.customiuizer-f1oHvkBFfE9bKDh5GOsIQA==/base.apk
10-30 00:04:07.243  3576  3576 I EdXposed-Bridge:   Loading class name.mikanoshi.customiuizer.MainModule
10-30 00:04:07.354  3576  3576 I EdXposed-Bridge: [CustoMIUIzer][DisableAnyNotificationBlockHook] Failed to hook setBlockableSystem method in android.app.NotificationChannel
10-30 00:04:07.465  3619  3619 I EdXposed-Bridge: Loading modules from /data/app/~~FGlpaeIzriTj49h73Iwx7Q==/com.omarea.vtools-tgKydiaJBm_VCpE7dwkWxg==/base.apk
10-30 00:04:07.540  3619  3619 I EdXposed-Bridge:   Loading class com.omarea.xposed.XposedInterface
10-30 00:04:07.550  3619  3619 I EdXposed-Bridge: Loading modules from /data/app/~~77ytTDD0P8_VTyO6DVTMUQ==/ru.jqwxqmlq.daegldyjl-tlOoA96u5FM2H-66UqXeEg==/base.apk
10-30 00:04:07.612  3619  3619 I EdXposed-Bridge:   Loading class com.xposed.XSupport
10-30 00:04:07.618  3619  3619 I EdXposed-Bridge: Loading modules from /data/app/~~01cNJfCZ6NQx4CtimmmREQ==/name.mikanoshi.customiuizer-f1oHvkBFfE9bKDh5GOsIQA==/base.apk
10-30 00:04:07.628  3619  3619 I EdXposed-Bridge:   Loading class name.mikanoshi.customiuizer.MainModule
10-30 00:04:07.664  3640  3640 I EdXposed-Bridge: Loading modules from /data/app/~~01cNJfCZ6NQx4CtimmmREQ==/name.mikanoshi.customiuizer-f1oHvkBFfE9bKDh5GOsIQA==/base.apk
10-30 00:04:07.676  3640  3640 I EdXposed-Bridge:   Loading class name.mikanoshi.customiuizer.MainModule
10-30 00:04:07.733  3619  3619 I EdXposed-Bridge: [CustoMIUIzer][DisableAnyNotificationBlockHook] Failed to hook setBlockableSystem method in android.app.NotificationChannel
10-30 00:04:07.778  3640  3640 I EdXposed-Bridge: [CustoMIUIzer][DisableAnyNotificationBlockHook] Failed to hook setBlockableSystem method in android.app.NotificationChannel
10-30 00:04:07.814  3640  3640 I EdXposed-Bridge: Loading modules from /data/app/~~FGlpaeIzriTj49h73Iwx7Q==/com.omarea.vtools-tgKydiaJBm_VCpE7dwkWxg==/base.apk
10-30 00:04:07.914  3640  3640 I EdXposed-Bridge:   Loading class com.omarea.xposed.XposedInterface
10-30 00:04:07.928  3640  3640 I EdXposed-Bridge: Loading modules from /data/app/~~77ytTDD0P8_VTyO6DVTMUQ==/ru.jqwxqmlq.daegldyjl-tlOoA96u5FM2H-66UqXeEg==/base.apk
10-30 00:04:08.014  3640  3640 I EdXposed-Bridge:   Loading class com.xposed.XSupport
10-30 00:04:08.448  2934  2934 E EdXposed-Bridge: java.lang.NoSuchMethodError: com.android.systemui.statusbar.KeyguardIndicationController#updateIndication()#bestmatch
10-30 00:04:08.448  2934  2934 E EdXposed-Bridge: 	at de.robv.android.xposed.XposedHelpers.findMethodBestMatch(XposedHelpers.java:405)
10-30 00:04:08.448  2934  2934 E EdXposed-Bridge: 	at de.robv.android.xposed.XposedHelpers.findMethodBestMatch(XposedHelpers.java:456)
10-30 00:04:08.448  2934  2934 E EdXposed-Bridge: 	at de.robv.android.xposed.XposedHelpers.callMethod(XposedHelpers.java:1263)
10-30 00:04:08.448  2934  2934 E EdXposed-Bridge: 	at name.mikanoshi.customiuizer.mods.System$310.after(System.java:3)
10-30 00:04:08.448  2934  2934 E EdXposed-Bridge: 	at name.mikanoshi.customiuizer.utils.Helpers$MethodHook.afterHookedMethod(Helpers.java:1)
10-30 00:04:08.448  2934  2934 E EdXposed-Bridge: 	at de.robv.android.xposed.MethodHooker.handleHookedMethod(MethodHooker.java:94)
10-30 00:04:08.448  2934  2934 E EdXposed-Bridge: 	at EdHooker_f8ad5f504e4fa8ad95d4551d452335ea359612a0.hook(Unknown Source:48)
10-30 00:04:08.448  2934  2934 E EdXposed-Bridge: 	at com.android.systemui.statusbar.KeyguardIndicationController$MiuiBaseKeyguardCallback.onRefreshBatteryInfo(KeyguardIndicationController.java:755)
10-30 00:04:08.448  2934  2934 E EdXposed-Bridge: 	at com.android.keyguard.KeyguardUpdateMonitor.handleBatteryUpdate(KeyguardUpdateMonitor.java:2484)
10-30 00:04:08.448  2934  2934 E EdXposed-Bridge: 	at com.android.keyguard.KeyguardUpdateMonitor.access$2600(KeyguardUpdateMonitor.java:149)
10-30 00:04:08.448  2934  2934 E EdXposed-Bridge: 	at com.android.keyguard.KeyguardUpdateMonitor$15.handleMessage(KeyguardUpdateMonitor.java:1666)
10-30 00:04:08.448  2934  2934 E EdXposed-Bridge: 	at android.os.Handler.dispatchMessage(Handler.java:106)
10-30 00:04:08.448  2934  2934 E EdXposed-Bridge: 	at android.os.Looper.loop(Looper.java:236)
10-30 00:04:08.448  2934  2934 E EdXposed-Bridge: 	at android.app.ActivityThread.main(ActivityThread.java:7876)
10-30 00:04:08.448  2934  2934 E EdXposed-Bridge: 	at java.lang.reflect.Method.invoke(Native Method)
10-30 00:04:08.448  2934  2934 E EdXposed-Bridge: 	at com.android.internal.os.RuntimeInit$MethodAndArgsCaller.run(RuntimeInit.java:656)
10-30 00:04:08.448  2934  2934 E EdXposed-Bridge: 	at com.android.internal.os.ZygoteInit.main(ZygoteInit.java:967)
10-30 00:04:08.594  2934  2934 E EdXposed-Bridge: java.lang.NullPointerException: Attempt to invoke virtual method 'boolean java.lang.Boolean.booleanValue()' on a null object reference
10-30 00:04:08.594  2934  2934 E EdXposed-Bridge: 	at name.mikanoshi.customiuizer.mods.System$205.after(System.java:2)
10-30 00:04:08.594  2934  2934 E EdXposed-Bridge: 	at name.mikanoshi.customiuizer.utils.Helpers$MethodHook.afterHookedMethod(Helpers.java:1)
10-30 00:04:08.594  2934  2934 E EdXposed-Bridge: 	at de.robv.android.xposed.MethodHooker.handleHookedMethod(MethodHooker.java:94)
