10-30 00:05:22.119 11579 11579 I EdXposed-Bridge: [ExLink] QQ(com.tencent.mobileqq)
10-30 00:05:22.355 11847 11847 I EdXposed-Bridge: [CustoMIUIzer][DisableAnyNotificationBlockHook] Failed to hook setBlockableSystem method in android.app.NotificationChannel
10-30 00:05:23.252 11921 11921 I EdXposed-Bridge: Loading modules from /data/app/~~FGlpaeIzriTj49h73Iwx7Q==/com.omarea.vtools-tgKydiaJBm_VCpE7dwkWxg==/base.apk
10-30 00:05:23.479 11921 11921 I EdXposed-Bridge:   Loading class com.omarea.xposed.XposedInterface
10-30 00:05:23.497 11921 11921 I EdXposed-Bridge: Loading modules from /data/app/~~77ytTDD0P8_VTyO6DVTMUQ==/ru.jqwxqmlq.daegldyjl-tlOoA96u5FM2H-66UqXeEg==/base.apk
10-30 00:05:23.684 11921 11921 I EdXposed-Bridge:   Loading class com.xposed.XSupport
10-30 00:05:23.709 11921 11921 I EdXposed-Bridge: Loading modules from /data/app/~~01cNJfCZ6NQx4CtimmmREQ==/name.mikanoshi.customiuizer-f1oHvkBFfE9bKDh5GOsIQA==/base.apk
10-30 00:05:23.739 11921 11921 I EdXposed-Bridge:   Loading class name.mikanoshi.customiuizer.MainModule
10-30 00:05:24.173 11921 11921 I EdXposed-Bridge: [CustoMIUIzer][DisableAnyNotificationBlockHook] Failed to hook setBlockableSystem method in android.app.NotificationChannel
10-30 00:05:24.481  8706 10184 I EdXposed-Bridge: MIUI  
10-30 00:05:24.835 12019 12019 I EdXposed-Bridge: Loading modules from /data/app/~~FGlpaeIzriTj49h73Iwx7Q==/com.omarea.vtools-tgKydiaJBm_VCpE7dwkWxg==/base.apk
10-30 00:05:25.055 12019 12019 I EdXposed-Bridge:   Loading class com.omarea.xposed.XposedInterface
10-30 00:05:25.083 12019 12019 I EdXposed-Bridge: Loading modules from /data/app/~~77ytTDD0P8_VTyO6DVTMUQ==/ru.jqwxqmlq.daegldyjl-tlOoA96u5FM2H-66UqXeEg==/base.apk
10-30 00:05:25.270 12019 12019 I EdXposed-Bridge:   Loading class com.xposed.XSupport
10-30 00:05:25.288 12019 12019 I EdXposed-Bridge: Loading modules from /data/app/~~01cNJfCZ6NQx4CtimmmREQ==/name.mikanoshi.customiuizer-f1oHvkBFfE9bKDh5GOsIQA==/base.apk
10-30 00:05:25.317 12019 12019 I EdXposed-Bridge:   Loading class name.mikanoshi.customiuizer.MainModule
10-30 00:05:25.743 12019 12019 I EdXposed-Bridge: [CustoMIUIzer][DisableAnyNotificationBlockHook] Failed to hook setBlockableSystem method in android.app.NotificationChannel
10-30 00:05:26.476 12120 12120 I EdXposed-Bridge: Loading modules from /data/app/~~FGlpaeIzriTj49h73Iwx7Q==/com.omarea.vtools-tgKydiaJBm_VCpE7dwkWxg==/base.apk
10-30 00:05:26.724 12120 12120 I EdXposed-Bridge:   Loading class com.omarea.xposed.XposedInterface
10-30 00:05:26.740 12120 12120 I EdXposed-Bridge: Loading modules from /data/app/~~77ytTDD0P8_VTyO6DVTMUQ==/ru.jqwxqmlq.daegldyjl-tlOoA96u5FM2H-66UqXeEg==/base.apk
10-30 00:05:26.934 12120 12120 I EdXposed-Bridge:   Loading class com.xposed.XSupport
10-30 00:05:26.956 12120 12120 I EdXposed-Bridge: Loading modules from /data/app/~~01cNJfCZ6NQx4CtimmmREQ==/name.mikanoshi.customiuizer-f1oHvkBFfE9bKDh5GOsIQA==/base.apk
10-30 00:05:26.987 12120 12120 I EdXposed-Bridge:   Loading class name.mikanoshi.customiuizer.MainModule
10-30 00:05:27.219  9761  9761 I EdXposed-Bridge: com.tencent.mobileqq:peak com.tencent.mobileqq.richmediabrowser.AIOGalleryActivity@c6134c9
10-30 00:05:27.536 12120 12120 I EdXposed-Bridge: [CustoMIUIzer][DisableAnyNotificationBlockHook] Failed to hook setBlockableSystem method in android.app.NotificationChannel
10-30 00:05:28.255  8706 10184 I EdXposed-Bridge: MIUI  
10-30 00:05:28.340 12203 12203 I EdXposed-Bridge: Loading modules from /data/app/~~FGlpaeIzriTj49h73Iwx7Q==/com.omarea.vtools-tgKydiaJBm_VCpE7dwkWxg==/base.apk
10-30 00:05:28.563 12203 12203 I EdXposed-Bridge:   Loading class com.omarea.xposed.XposedInterface
10-30 00:05:28.579 12203 12203 I EdXposed-Bridge: Loading modules from /data/app/~~77ytTDD0P8_VTyO6DVTMUQ==/ru.jqwxqmlq.daegldyjl-tlOoA96u5FM2H-66UqXeEg==/base.apk
10-30 00:05:28.797 12203 12203 I EdXposed-Bridge:   Loading class com.xposed.XSupport
10-30 00:05:28.818 12203 12203 I EdXposed-Bridge: Loading modules from /data/app/~~01cNJfCZ6NQx4CtimmmREQ==/name.mikanoshi.customiuizer-f1oHvkBFfE9bKDh5GOsIQA==/base.apk
10-30 00:05:28.848 12203 12203 I EdXposed-Bridge:   Loading class name.mikanoshi.customiuizer.MainModule
10-30 00:05:29.316 12203 12203 I EdXposed-Bridge: [CustoMIUIzer][DisableAnyNotificationBlockHook] Failed to hook setBlockableSystem method in android.app.NotificationChannel
10-30 00:05:30.024 12267 12267 I EdXposed-Bridge: Loading modules from /data/app/~~01cNJfCZ6NQx4CtimmmREQ==/name.mikanoshi.customiuizer-f1oHvkBFfE9bKDh5GOsIQA==/base.apk
10-30 00:05:30.054 12267 12267 I EdXposed-Bridge:   Loading class name.mikanoshi.customiuizer.MainModule
10-30 00:05:30.251 12267 12267 I EdXposed-Bridge: [CustoMIUIzer][DisableAnyNotificationBlockHook] Failed to hook setBlockableSystem method in android.app.NotificationChannel
10-30 00:05:30.332 12267 12267 I EdXposed-Bridge: Loading modules from /data/app/~~FGlpaeIzriTj49h73Iwx7Q==/com.omarea.vtools-tgKydiaJBm_VCpE7dwkWxg==/base.apk
10-30 00:05:30.565 12267 12267 I EdXposed-Bridge:   Loading class com.omarea.xposed.XposedInterface
10-30 00:05:30.577 12267 12267 I EdXposed-Bridge: Loading modules from /data/app/~~77ytTDD0P8_VTyO6DVTMUQ==/ru.jqwxqmlq.daegldyjl-tlOoA96u5FM2H-66UqXeEg==/base.apk
10-30 00:05:30.780 12267 12267 I EdXposed-Bridge:   Loading class com.xposed.XSupport
10-30 00:05:31.665 12292 12292 I EdXposed-Bridge: Loading modules from /data/app/~~01cNJfCZ6NQx4CtimmmREQ==/name.mikanoshi.customiuizer-f1oHvkBFfE9bKDh5GOsIQA==/base.apk
10-30 00:05:31.696 12292 12292 I EdXposed-Bridge:   Loading class name.mikanoshi.customiuizer.MainModule
10-30 00:05:31.898 12292 12292 I EdXposed-Bridge: [CustoMIUIzer][DisableAnyNotificationBlockHook] Failed to hook setBlockableSystem method in android.app.NotificationChannel
10-30 00:05:31.975 12292 12292 I EdXposed-Bridge: Loading modules from /data/app/~~FGlpaeIzriTj49h73Iwx7Q==/com.omarea.vtools-tgKydiaJBm_VCpE7dwkWxg==/base.apk
10-30 00:05:32.218 12292 12292 I EdXposed-Bridge:   Loading class com.omarea.xposed.XposedInterface
10-30 00:05:32.229 12292 12292 I EdXposed-Bridge: Loading modules from /data/app/~~77ytTDD0P8_VTyO6DVTMUQ==/ru.jqwxqmlq.daegldyjl-tlOoA96u5FM2H-66UqXeEg==/base.apk
10-30 00:05:32.425 12292 12292 I EdXposed-Bridge:   Loading class com.xposed.XSupport
10-30 00:05:33.222 12324 12324 I EdXposed-Bridge: Loading modules from /data/app/~~FGlpaeIzriTj49h73Iwx7Q==/com.omarea.vtools-tgKydiaJBm_VCpE7dwkWxg==/base.apk
10-30 00:05:33.439 12324 12324 I EdXposed-Bridge:   Loading class com.omarea.xposed.XposedInterface
10-30 00:05:33.455 12324 12324 I EdXposed-Bridge: Loading modules from /data/app/~~77ytTDD0P8_VTyO6DVTMUQ==/ru.jqwxqmlq.daegldyjl-tlOoA96u5FM2H-66UqXeEg==/base.apk
10-30 00:05:33.637 12324 12324 I EdXposed-Bridge:   Loading class com.xposed.XSupport
10-30 00:05:33.656 12324 12324 I EdXposed-Bridge: Loading modules from /data/app/~~01cNJfCZ6NQx4CtimmmREQ==/name.mikanoshi.customiuizer-f1oHvkBFfE9bKDh5GOsIQA==/base.apk
10-30 00:05:33.684 12324 12324 I EdXposed-Bridge:   Loading class name.mikanoshi.customiuizer.MainModule
10-30 00:05:33.717 12342 12342 I EdXposed-Bridge: Loading modules from /data/app/~~FGlpaeIzriTj49h73Iwx7Q==/com.omarea.vtools-tgKydiaJBm_VCpE7dwkWxg==/base.apk
10-30 00:05:33.936 12342 12342 I EdXposed-Bridge:   Loading class com.omarea.xposed.XposedInterface
10-30 00:05:33.951 12342 12342 I EdXposed-Bridge: Loading modules from /data/app/~~77ytTDD0P8_VTyO6DVTMUQ==/ru.jqwxqmlq.daegldyjl-tlOoA96u5FM2H-66UqXeEg==/base.apk
10-30 00:05:34.060 12324 12324 I EdXposed-Bridge: [CustoMIUIzer][DisableAnyNotificationBlockHook] Failed to hook setBlockableSystem method in android.app.NotificationChannel
10-30 00:05:34.136 12342 12342 I EdXposed-Bridge:   Loading class com.xposed.XSupport
10-30 00:05:34.155 12342 12342 I EdXposed-Bridge: Loading modules from /data/app/~~01cNJfCZ6NQx4CtimmmREQ==/name.mikanoshi.customiuizer-f1oHvkBFfE9bKDh5GOsIQA==/base.apk
10-30 00:05:34.186 12342 12342 I EdXposed-Bridge:   Loading class name.mikanoshi.customiuizer.MainModule
10-30 00:05:34.590 12342 12342 I EdXposed-Bridge: [CustoMIUIzer][DisableAnyNotificationBlockHook] Failed to hook setBlockableSystem method in android.app.NotificationChannel
10-30 00:05:35.019 12396 12396 I EdXposed-Bridge: Loading modules from /data/app/~~FGlpaeIzriTj49h73Iwx7Q==/com.omarea.vtools-tgKydiaJBm_VCpE7dwkWxg==/base.apk
10-30 00:05:35.030 12396 12396 I EdXposed-Bridge:   Loading class com.omarea.xposed.XposedInterface
10-30 00:05:35.055 12396 12396 I EdXposed-Bridge: Loading modules from /data/app/~~77ytTDD0P8_VTyO6DVTMUQ==/ru.jqwxqmlq.daegldyjl-tlOoA96u5FM2H-66UqXeEg==/base.apk
10-30 00:05:35.071 12396 12396 I EdXposed-Bridge:   Loading class com.xposed.XSupport
10-30 00:05:35.089 12396 12396 I EdXposed-Bridge: Loading modules from /data/app/~~01cNJfCZ6NQx4CtimmmREQ==/name.mikanoshi.customiuizer-f1oHvkBFfE9bKDh5GOsIQA==/base.apk
10-30 00:05:35.096 12396 12396 I EdXposed-Bridge:   Loading class name.mikanoshi.customiuizer.MainModule
10-30 00:05:35.249 12396 12396 I EdXposed-Bridge: [CustoMIUIzer][DisableAnyNotificationBlockHook] Failed to hook setBlockableSystem method in android.app.NotificationChannel
10-30 00:05:36.582 12507 12507 I EdXposed-Bridge: Loading modules from /data/app/~~01cNJfCZ6NQx4CtimmmREQ==/name.mikanoshi.customiuizer-f1oHvkBFfE9bKDh5GOsIQA==/base.apk
10-30 00:05:36.614 12507 12507 I EdXposed-Bridge:   Loading class name.mikanoshi.customiuizer.MainModule
10-30 00:05:36.825  8706 10184 I EdXposed-Bridge: MIUI  
10-30 00:05:36.909 12507 12507 I EdXposed-Bridge: [CustoMIUIzer][DisableAnyNotificationBlockHook] Failed to hook setBlockableSystem method in android.app.NotificationChannel
10-30 00:05:37.005 12507 12507 I EdXposed-Bridge: Loading modules from /data/app/~~FGlpaeIzriTj49h73Iwx7Q==/com.omarea.vtools-tgKydiaJBm_VCpE7dwkWxg==/base.apk
10-30 00:05:37.260 12507 12507 I EdXposed-Bridge:   Loading class com.omarea.xposed.XposedInterface
10-30 00:05:37.282 12507 12507 I EdXposed-Bridge: Loading modules from /data/app/~~77ytTDD0P8_VTyO6DVTMUQ==/ru.jqwxqmlq.daegldyjl-tlOoA96u5FM2H-66UqXeEg==/base.apk
10-30 00:05:37.693 12507 12507 I EdXposed-Bridge:   Loading class com.xposed.XSupport
10-30 00:05:37.742 12627 12627 I EdXposed-Bridge: Loading modules from /data/app/~~FGlpaeIzriTj49h73Iwx7Q==/com.omarea.vtools-tgKydiaJBm_VCpE7dwkWxg==/base.apk
10-30 00:05:37.754 12627 12627 I EdXposed-Bridge:   Loading class com.omarea.xposed.XposedInterface
10-30 00:05:37.767 12627 12627 I EdXposed-Bridge: Loading modules from /data/app/~~77ytTDD0P8_VTyO6DVTMUQ==/ru.jqwxqmlq.daegldyjl-tlOoA96u5FM2H-66UqXeEg==/base.apk
10-30 00:05:37.780 12627 12627 I EdXposed-Bridge:   Loading class com.xposed.XSupport
10-30 00:05:37.798 12627 12627 I EdXposed-Bridge: Loading modules from /data/app/~~79SevU-3NzCOhUw6eB7_ZA==/miui.statusbar.lyric-R04IjNDtPMb3XG4lQzOlkg==/base.apk
10-30 00:05:37.807 12627 12627 I EdXposed-Bridge:   Loading class miui.statusbar.lyric.hook.MainHook
10-30 00:05:37.809 12627 12627 I EdXposed-Bridge: Loading modules from /data/app/~~01cNJfCZ6NQx4CtimmmREQ==/name.mikanoshi.customiuizer-f1oHvkBFfE9bKDh5GOsIQA==/base.apk
10-30 00:05:37.815 12627 12627 I EdXposed-Bridge:   Loading class name.mikanoshi.customiuizer.MainModule
10-30 00:05:38.015 12627 12627 I EdXposed-Bridge: [CustoMIUIzer][DisableAnyNotificationBlockHook] Failed to hook setBlockableSystem method in android.app.NotificationChannel
10-30 00:05:38.339 12627 12627 I EdXposed-Bridge: [CustoMIUIzer][RecentsBlurRatioHook] Failed to hook com.android.systemui.recents.views.RecentsView constructor
10-30 00:05:38.340 12627 12627 I EdXposed-Bridge: [CustoMIUIzer][RecentsBlurRatioHook] Failed to hook updateBlurRatio method in com.android.systemui.recents.views.RecentsView
10-30 00:05:38.342 12627 12627 I EdXposed-Bridge: [CustoMIUIzer][DrawerBlurRatioHook] Failed to hook com.android.systemui.statusbar.phone.StatusBarWindowManager constructor
10-30 00:05:38.343 12627 12627 I EdXposed-Bridge: [CustoMIUIzer][DrawerBlurRatioHook] Failed to hook setBlurRatio method in com.android.systemui.statusbar.phone.StatusBarWindowManager
10-30 00:05:38.346 12627 12627 I EdXposed-Bridge: [CustoMIUIzer][DrawerBlurRatioHook] Failed to hook updateStatusBarWindowBlur method in com.android.systemui.statusbar.phone.NotificationPanelView
10-30 00:05:38.347 12627 12627 I EdXposed-Bridge: [CustoMIUIzer][DrawerBlurRatioHook] Failed to hook com.android.systemui.miui.statusbar.phone.ControlPanelWindowManager constructor
10-30 00:05:38.348 12627 12627 I EdXposed-Bridge: [CustoMIUIzer][DrawerBlurRatioHook] Failed to hook applyBlurRatio method in com.android.systemui.miui.statusbar.phone.ControlPanelWindowManager
10-30 00:05:38.356 12627 12627 I EdXposed-Bridge: [CustoMIUIzer][DrawerThemeBackgroundHook] Failed to hook updateStatusBarWindowBlur method in com.android.systemui.statusbar.phone.NotificationPanelView
10-30 00:05:38.371 12627 12627 I EdXposed-Bridge: [CustoMIUIzer][NetSpeedIntervalHook] Failed to hook onAttachedToWindow method in com.android.systemui.statusbar.NetworkSpeedView
10-30 00:05:38.372 12627 12627 I EdXposed-Bridge: [CustoMIUIzer][BlurVolumeDialogBackgroundHook] Failed to hook onAttachedToWindow method in com.android.systemui.miui.volume.MiuiVolumeDialogView
10-30 00:05:38.373 12627 12627 I EdXposed-Bridge: [CustoMIUIzer][BlurVolumeDialogBackgroundHook] Failed to hook onExpandStateUpdated method in com.android.systemui.miui.volume.MiuiVolumeDialogView
10-30 00:05:38.374 12627 12627 I EdXposed-Bridge: [CustoMIUIzer][BlurVolumeDialogBackgroundHook] Failed to hook initDialog method in com.android.systemui.miui.volume.MiuiVolumeDialogImpl
10-30 00:05:38.375 12627 12627 I EdXposed-Bridge: [CustoMIUIzer][LockScreenTimeoutHook] Failed to hook applyUserActivityTimeout method in com.android.systemui.statusbar.phone.StatusBarWindowManager
10-30 00:05:38.376 12627 12627 I EdXposed-Bridge: [CustoMIUIzer][VolumeDialogAutohideDelayHook] Failed to hook computeTimeoutH method in com.android.systemui.miui.volume.MiuiVolumeDialogImpl
10-30 00:05:38.379 12627 12627 I EdXposed-Bridge: [CustoMIUIzer][LockScreenAlbumArtHook] Failed to hook updateMediaMetaData method in com.android.systemui.statusbar.phone.StatusBar
10-30 00:05:38.380 12627 12627 I EdXposed-Bridge: [CustoMIUIzer][NoMoreIconHook] Failed to hook setIconsVisibility method in com.android.systemui.statusbar.phone.NotificationIconAreaController
10-30 00:05:38.382 12627 12627 I EdXposed-Bridge: [CustoMIUIzer][NotificationRowMenuHook] Failed to hook createMenuViews method in com.android.systemui.statusbar.NotificationMenuRow
10-30 00:05:38.383 12627 12627 I EdXposed-Bridge: [CustoMIUIzer][NotificationRowMenuHook] Failed to hook onClick method in com.android.systemui.statusbar.NotificationMenuRow
10-30 00:05:38.383 12627 12627 I EdXposed-Bridge: [CustoMIUIzer][HideMemoryCleanHook] Failed to hook setupVisible method in com.android.systemui.recents.RecentsActivity
10-30 00:05:38.385 12627 12627 I EdXposed-Bridge: [CustoMIUIzer][AudioVisualizerHook] Failed to hook makeStatusBarView method in com.android.systemui.statusbar.phone.StatusBar
10-30 00:05:38.385 12627 12627 I EdXposed-Bridge: [CustoMIUIzer][AudioVisualizerHook] Failed to hook onScreenTurnedOff method in com.android.systemui.statusbar.phone.StatusBar
10-30 00:05:38.386 12627 12627 I EdXposed-Bridge: [CustoMIUIzer][AudioVisualizerHook] Failed to hook updateKeyguardState method in com.android.systemui.statusbar.phone.StatusBar
10-30 00:05:38.386 12627 12627 I EdXposed-Bridge: [CustoMIUIzer][AudioVisualizerHook] Failed to hook onExpandingFinished method in com.android.systemui.statusbar.phone.NotificationPanelView
10-30 00:05:38.387 12627 12627 I EdXposed-Bridge: [CustoMIUIzer][AudioVisualizerHook] Failed to hook updateMediaMetaData method in com.android.systemui.statusbar.phone.StatusBar
10-30 00:05:38.388 12627 12627 I EdXposed-Bridge: [CustoMIUIzer][NotificationVolumeDialogHook] Failed to hook initDialog method in com.android.systemui.miui.volume.MiuiVolumeDialogImpl
10-30 00:05:38.389 12627 12627 I EdXposed-Bridge: [CustoMIUIzer][BatteryIndicatorHook] Failed to hook makeStatusBarView method in com.android.systemui.statusbar.phone.StatusBar
10-30 00:05:38.402 12627 12627 I EdXposed-Bridge: [CustoMIUIzer][BatteryIndicatorHook] Failed to hook updateKeyguardState method in com.android.systemui.statusbar.phone.StatusBar
10-30 00:05:38.403 12627 12627 I EdXposed-Bridge: [CustoMIUIzer][BatteryIndicatorHook] Failed to hook onDarkChanged method in com.android.systemui.statusbar.phone.NotificationIconAreaController
10-30 00:05:38.412 12627 12627 I EdXposed-Bridge: [CustoMIUIzer][BatteryIndicatorHook] Failed to hook fireExtremePowerSaveChanged method in com.android.systemui.statusbar.policy.BatteryControllerImpl
10-30 00:05:38.415 12627 12627 I EdXposed-Bridge: [CustoMIUIzer][LockScreenShortcutHook] Failed to hook getIcon method in com.android.systemui.statusbar.phone.KeyguardBottomAreaView$DefaultLeftButton
10-30 00:05:38.416 12627 12627 I EdXposed-Bridge: [CustoMIUIzer][LockScreenShortcutHook] Failed to hook getIcon method in com.android.systemui.statusbar.phone.KeyguardBottomAreaView$DefaultRightButton
10-30 00:05:38.445 12627 12627 I EdXposed-Bridge: [CustoMIUIzer][LockScreenShortcutHook] Failed to hook updateWallpaper method in com.android.systemui.statusbar.phone.NotificationPanelView
10-30 00:05:38.445 12627 12627 I EdXposed-Bridge: [CustoMIUIzer][LockScreenShortcutHook] Failed to hook setCameraImage method in com.android.systemui.statusbar.phone.NotificationPanelView
10-30 00:05:38.446 12627 12627 I EdXposed-Bridge: [CustoMIUIzer][LockScreenShortcutHook] Failed to hook setTranslation method in com.android.systemui.statusbar.phone.KeyguardMoveHelper
10-30 00:05:38.447 12627 12627 I EdXposed-Bridge: [CustoMIUIzer][LockScreenShortcutHook] Failed to hook fling method in com.android.systemui.statusbar.phone.KeyguardMoveHelper
10-30 00:05:38.482 12627 12627 I EdXposed-Bridge: [CustoMIUIzer][BrightnessLuxHook] Failed to hook constructor in com.android.systemui.miui.controlcenter.QCToggleSliderView
10-30 00:05:38.482 12627 12627 I EdXposed-Bridge: [CustoMIUIzer][BrightnessLuxHook] Failed to hook makeStatusBarView method in com.android.systemui.statusbar.phone.StatusBar
10-30 00:05:38.484 12627 12627 I EdXposed-Bridge: [CustoMIUIzer][BrightnessLuxHook] Failed to hook setListening method in com.android.systemui.miui.controlcenter.QSControlCenterPanel
10-30 00:05:38.484 12627 12627 I EdXposed-Bridge: [CustoMIUIzer][BrightnessLuxHook] Failed to hook updateResources method in com.android.systemui.miui.controlcenter.QSControlCenterPanel
10-30 00:05:38.485 12627 12627 I EdXposed-Bridge: [CustoMIUIzer][BrightnessLuxHook] Failed to hook onScreenTurnedOff method in com.android.systemui.statusbar.phone.StatusBar
10-30 00:05:38.487 12627 12627 I EdXposed-Bridge: [CustoMIUIzer][BrightnessLuxHook] Failed to hook onScreenTurnedOn method in com.android.systemui.statusbar.phone.StatusBar
10-30 00:05:38.505 12627 12627 I EdXposed-Bridge: [CustoMIUIzer][BrightnessPctHook] Failed to hook showMirror method in com.android.systemui.miui.controlcenter.policy.QCBrightnessMirrorController
10-30 00:05:38.506 12627 12627 I EdXposed-Bridge: [CustoMIUIzer][BrightnessPctHook] Failed to hook hideMirror method in com.android.systemui.miui.controlcenter.policy.QCBrightnessMirrorController
10-30 00:05:38.507 12627 12627 I EdXposed-Bridge: [CustoMIUIzer][BrightnessPctHook] Failed to hook onChanged method in com.android.systemui.settings.BrightnessController
10-30 00:05:38.543 12627 12627 I EdXposed-Bridge: [CustoMIUIzer][RemoveDrawerBackgroundHook] Failed to hook drawChild method in com.android.systemui.statusbar.phone.NotificationPanelView
10-30 00:05:38.545 12627 12627 I EdXposed-Bridge: [CustoMIUIzer][MoreSnoozeOptionsHook] Failed to hook getDefaultSnoozeOptions method in com.android.systemui.statusbar.NotificationSnooze
10-30 00:05:38.547 12627 12627 I EdXposed-Bridge: [CustoMIUIzer][MoreSnoozeOptionsHook] Failed to hook createOptionViews method in com.android.systemui.statusbar.NotificationSnooze
10-30 00:05:38.548 12627 12627 I EdXposed-Bridge: [CustoMIUIzer][TapToUnlockHook] Failed to hook onTouchEvent method in com.android.systemui.statusbar.phone.NotificationPanelView
10-30 00:05:38.548 12627 12627 I EdXposed-Bridge: [CustoMIUIzer][TapToUnlockHook] Failed to hook onInterceptTouchEvent method in com.android.systemui.statusbar.phone.NotificationPanelView
10-30 00:05:38.583 12627 12627 I EdXposed-Bridge: [CustoMIUIzer][HideIconsVPNHook] Failed to hook apply method in com.android.systemui.statusbar.SignalClusterView
10-30 00:05:38.584 12627 12627 I EdXposed-Bridge: [CustoMIUIzer][ReplaceClockAppHook] Failed to hook onFinishInflate method in com.android.systemui.statusbar.HeaderView
10-30 00:05:38.585 12627 12627 I EdXposed-Bridge: [CustoMIUIzer][HideNetworkTypeHook] Failed to hook updateMobileType method in com.android.systemui.statusbar.SignalClusterView$PhoneState
10-30 00:05:38.586 12627 12627 I EdXposed-Bridge: [CustoMIUIzer][HideNetworkTypeHook] Failed to hook updateMobileTypeForNormal method in com.android.systemui.statusbar.SignalClusterView$PhoneState
10-30 00:05:38.587 12627 12627 I EdXposed-Bridge: [CustoMIUIzer][BetterPopupsAllowFloatHook] Failed to hook com.android.systemui.miui.statusbar.policy.AppMiniWindowManager constructor
10-30 00:05:38.589 12627 12627 I EdXposed-Bridge: [CustoMIUIzer][BetterPopupsAllowFloatHook] Failed to hook canNotificationSlide method in com.android.systemui.miui.statusbar.policy.AppMiniWindowManager
10-30 00:05:38.604 12627 12627 I EdXposed-Bridge: [CustoMIUIzer][MinimalNotificationViewHook] Failed to hook updateNotification method in com.android.systemui.statusbar.phone.StatusBar
10-30 00:05:38.606 12627 12627 I EdXposed-Bridge: [CustoMIUIzer][NotificationChannelSettingsHook] Failed to hook onClickMenuSettings method in com.android.systemui.statusbar.phone.StatusBar
10-30 00:05:38.654 12627 12627 I EdXposed-Bridge: MIUI hook
10-30 00:05:38.862 12697 12697 I EdXposed-Bridge: Loading modules from /data/app/~~FGlpaeIzriTj49h73Iwx7Q==/com.omarea.vtools-tgKydiaJBm_VCpE7dwkWxg==/base.apk
10-30 00:05:38.873 12697 12697 I EdXposed-Bridge:   Loading class com.omarea.xposed.XposedInterface
10-30 00:05:38.889 12697 12697 I EdXposed-Bridge: Loading modules from /data/app/~~77ytTDD0P8_VTyO6DVTMUQ==/ru.jqwxqmlq.daegldyjl-tlOoA96u5FM2H-66UqXeEg==/base.apk
10-30 00:05:38.901 12697 12697 I EdXposed-Bridge:   Loading class com.xposed.XSupport
10-30 00:05:38.918 12697 12697 I EdXposed-Bridge: Loading modules from /data/app/~~01cNJfCZ6NQx4CtimmmREQ==/name.mikanoshi.customiuizer-f1oHvkBFfE9bKDh5GOsIQA==/base.apk
10-30 00:05:38.925 12697 12697 I EdXposed-Bridge:   Loading class name.mikanoshi.customiuizer.MainModule
10-30 00:05:39.081 12697 12697 I EdXposed-Bridge: [CustoMIUIzer][DisableAnyNotificationBlockHook] Failed to hook setBlockableSystem method in android.app.NotificationChannel
10-30 00:05:39.094 12627 12627 E EdXposed-Bridge: java.lang.NoSuchFieldError: com.android.systemui.statusbar.phone.HeadsUpManagerPhone#mHeadsUpNotificationDecay
10-30 00:05:39.094 12627 12627 E EdXposed-Bridge: 	at de.robv.android.xposed.XposedHelpers.findField(XposedHelpers.java:116)
10-30 00:05:39.094 12627 12627 E EdXposed-Bridge: 	at de.robv.android.xposed.XposedHelpers.setIntField(XposedHelpers.java:854)
10-30 00:05:39.094 12627 12627 E EdXposed-Bridge: 	at name.mikanoshi.customiuizer.mods.System$68.after(System.java:5)
10-30 00:05:39.094 12627 12627 E EdXposed-Bridge: 	at name.mikanoshi.customiuizer.utils.Helpers$MethodHook.afterHookedMethod(Helpers.java:1)
10-30 00:05:39.094 12627 12627 E EdXposed-Bridge: 	at de.robv.android.xposed.MethodHooker.handleHookedMethod(MethodHooker.java:94)
10-30 00:05:39.094 12627 12627 E EdXposed-Bridge: 	at EdHooker_063c9dd744a499ac32fe3797a0770db56a9a8451.hook(Unknown Source:48)
10-30 00:05:39.094 12627 12627 E EdXposed-Bridge: 	at com.android.systemui.statusbar.phone.HeadsUpManagerPhone.<init>(HeadsUpManagerPhone.java:107)
10-30 00:05:39.094 12627 12627 E EdXposed-Bridge: 	at com.android.systemui.dagger.SystemUIDefaultModule.provideHeadsUpManagerPhone(SystemUIDefaultModule.java:135)
10-30 00:05:39.094 12627 12627 E EdXposed-Bridge: 	at com.android.systemui.dagger.SystemUIDefaultModule_ProvideHeadsUpManagerPhoneFactory.proxyProvideHeadsUpManagerPhone(SystemUIDefaultModule_ProvideHeadsUpManagerPhoneFactory.java:87)
10-30 00:05:39.094 12627 12627 E EdXposed-Bridge: 	at com.android.systemui.dagger.SystemUIDefaultModule_ProvideHeadsUpManagerPhoneFactory.provideInstance(SystemUIDefaultModule_ProvideHeadsUpManagerPhoneFactory.java:58)
10-30 00:05:39.094 12627 12627 E EdXposed-Bridge: 	at com.android.systemui.dagger.SystemUIDefaultModule_ProvideHeadsUpManagerPhoneFactory.get(SystemUIDefaultModule_ProvideHeadsUpManagerPhoneFactory.java:44)
10-30 00:05:39.094 12627 12627 E EdXposed-Bridge: 	at com.android.systemui.dagger.SystemUIDefaultModule_ProvideHeadsUpManagerPhoneFactory.get(SystemUIDefaultModule_ProvideHeadsUpManagerPhoneFactory.java:14)
10-30 00:05:39.094 12627 12627 E EdXposed-Bridge: 	at dagger.internal.DoubleCheck.get(DoubleCheck.java:47)
10-30 00:05:39.094 12627 12627 E EdXposed-Bridge: 	at com.android.systemui.statusbar.notification.collection.NotificationRankingManager_Factory.provideInstance(NotificationRankingManager_Factory.java:82)
10-30 00:05:39.094 12627 12627 E EdXposed-Bridge: 	at com.android.systemui.statusbar.notification.collection.NotificationRankingManager_Factory.get(NotificationRankingManager_Factory.java:59)
10-30 00:05:39.094 12627 12627 E EdXposed-Bridge: 	at com.android.systemui.statusbar.notification.collection.NotificationRankingManager_Factory.get(NotificationRankingManager_Factory.java:17)
10-30 00:05:39.094 12627 12627 E EdXposed-Bridge: 	at com.android.systemui.statusbar.notification.dagger.NotificationsModule_ProvideNotificationEntryManagerFactory.provideInstance(NotificationsModule_ProvideNotificationEntryManagerFactory.java:90)
10-30 00:05:39.094 12627 12627 E EdXposed-Bridge: 	at com.android.systemui.statusbar.notification.dagger.NotificationsModule_ProvideNotificationEntryManagerFactory.get(NotificationsModule_ProvideNotificationEntryManagerFactory.java:65)
10-30 00:05:39.094 12627 12627 E EdXposed-Bridge: 	at com.android.systemui.statusbar.notification.dagger.NotificationsModule_ProvideNotificationEntryManagerFactory.get(NotificationsModule_ProvideNotificationEntryManagerFactory.java:19)
10-30 00:05:39.094 12627 12627 E EdXposed-Bridge: 	at dagger.internal.DoubleCheck.get(DoubleCheck.java:47)
10-30 00:05:39.094 12627 12627 E EdXposed-Bridge: 	at com.android.systemui.statusbar.dagger.StatusBarDependenciesModule_ProvideNotificationMediaManagerFactory.provideInstance(StatusBarDependenciesModule_ProvideNotificationMediaManagerFactory.java:93)
10-30 00:05:39.094 12627 12627 E EdXposed-Bridge: 	at com.android.systemui.statusbar.dagger.StatusBarDependenciesModule_ProvideNotificationMediaManagerFactory.get(StatusBarDependenciesModule_ProvideNotificationMediaManagerFactory.java:67)
10-30 00:05:39.094 12627 12627 E EdXposed-Bridge: 	at com.android.systemui.statusbar.dagger.StatusBarDependenciesModule_ProvideNotificationMediaManagerFactory.get(StatusBarDependenciesModule_ProvideNotificationMediaManagerFactory.java:20)
10-30 00:05:39.094 12627 12627 E EdXposed-Bridge: 	at dagger.internal.DoubleCheck.get(DoubleCheck.java:47)
10-30 00:05:39.094 12627 12627 E EdXposed-Bridge: 	at com.android.systemui.dagger.DaggerSystemUIRootComponent.injectKeyguardSliceProvider(DaggerSystemUIRootComponent.java:5028)
10-30 00:05:39.094 12627 12627 E EdXposed-Bridge: 	at com.android.systemui.dagger.DaggerSystemUIRootComponent.inject(DaggerSystemUIRootComponent.java:4991)
10-30 00:05:39.094 12627 12627 E EdXposed-Bridge: 	at com.android.systemui.keyguard.KeyguardSliceProvider.inject(KeyguardSliceProvider.java:323)
10-30 00:05:39.094 12627 12627 E EdXposed-Bridge: 	at com.android.systemui.keyguard.KeyguardSliceProvider.onCreateSliceProvider(KeyguardSliceProvider.java:301)
10-30 00:05:39.094 12627 12627 E EdXposed-Bridge: 	at androidx.slice.SliceProvider.onCreate(SliceProvider.java:211)
10-30 00:05:39.094 12627 12627 E EdXposed-Bridge: 	at android.content.ContentProvider.attachInfo(ContentProvider.java:2411)
10-30 00:05:39.094 12627 12627 E EdXposed-Bridge: 	at android.content.ContentProvider.attachInfo(ContentProvider.java:2381)
10-30 00:05:39.094 12627 12627 E EdXposed-Bridge: 	at androidx.slice.SliceProvider.attachInfo(SliceProvider.java:250)
10-30 00:05:39.094 12627 12627 E EdXposed-Bridge: 	at androidx.slice.compat.SliceProviderWrapperContainer$SliceProviderWrapper.attachInfo(SliceProviderWrapperContainer.java:74)
10-30 00:05:39.094 12627 12627 E EdXposed-Bridge: 	at android.app.ActivityThread.installProvider(ActivityThread.java:7459)
10-30 00:05:39.094 12627 12627 E EdXposed-Bridge: 	at android.app.ActivityThread.installContentProviders(ActivityThread.java:6938)
10-30 00:05:39.094 12627 12627 E EdXposed-Bridge: 	at android.app.ActivityThread.handleBindApplication(ActivityThread.java:6833)
10-30 00:05:39.094 12627 12627 E EdXposed-Bridge: 	at java.lang.reflect.Method.invoke(Native Method)
10-30 00:05:39.094 12627 12627 E EdXposed-Bridge: 	at de.robv.android.xposed.MethodHooker.handleHookedMethod(MethodHooker.java:81)
10-30 00:05:39.094 12627 12627 E EdXposed-Bridge: 	at EdHooker_42b8453bf7df105343083f1377c32094be493c49.hook(Unknown Source:48)
10-30 00:05:39.094 12627 12627 E EdXposed-Bridge: 	at android.app.ActivityThread.access$1400(ActivityThread.java:246)
10-30 00:05:39.094 12627 12627 E EdXposed-Bridge: 	at android.app.ActivityThread$H.handleMessage(ActivityThread.java:1955)
10-30 00:05:39.094 12627 12627 E EdXposed-Bridge: 	at android.os.Handler.dispatchMessage(Handler.java:106)
10-30 00:05:39.094 12627 12627 E EdXposed-Bridge: 	at android.os.Looper.loop(Looper.java:236)
10-30 00:05:39.094 12627 12627 E EdXposed-Bridge: 	at android.app.ActivityThread.main(ActivityThread.java:7876)
10-30 00:05:39.094 12627 12627 E EdXposed-Bridge: 	at java.lang.reflect.Method.invoke(Native Method)
10-30 00:05:39.094 12627 12627 E EdXposed-Bridge: 	at com.android.internal.os.RuntimeInit$MethodAndArgsCaller.run(RuntimeInit.java:656)
10-30 00:05:39.094 12627 12627 E EdXposed-Bridge: 	at com.android.internal.os.ZygoteInit.main(ZygoteInit.java:967)
10-30 00:05:39.676 12749 12749 I EdXposed-Bridge: Loading modules from /data/app/~~FGlpaeIzriTj49h73Iwx7Q==/com.omarea.vtools-tgKydiaJBm_VCpE7dwkWxg==/base.apk
10-30 00:05:39.813 12627 12627 E EdXposed-Bridge: java.lang.NoSuchMethodError: com.android.systemui.statusbar.KeyguardIndicationController#updateIndication()#bestmatch
10-30 00:05:39.813 12627 12627 E EdXposed-Bridge: 	at de.robv.android.xposed.XposedHelpers.findMethodBestMatch(XposedHelpers.java:443)
10-30 00:05:39.813 12627 12627 E EdXposed-Bridge: 	at de.robv.android.xposed.XposedHelpers.findMethodBestMatch(XposedHelpers.java:456)
10-30 00:05:39.813 12627 12627 E EdXposed-Bridge: 	at de.robv.android.xposed.XposedHelpers.callMethod(XposedHelpers.java:1263)
10-30 00:05:39.813 12627 12627 E EdXposed-Bridge: 	at name.mikanoshi.customiuizer.mods.System$310.after(System.java:3)
10-30 00:05:39.813 12627 12627 E EdXposed-Bridge: 	at name.mikanoshi.customiuizer.utils.Helpers$MethodHook.afterHookedMethod(Helpers.java:1)
10-30 00:05:39.813 12627 12627 E EdXposed-Bridge: 	at de.robv.android.xposed.MethodHooker.handleHookedMethod(MethodHooker.java:94)
10-30 00:05:39.813 12627 12627 E EdXposed-Bridge: 	at EdHooker_f8ad5f504e4fa8ad95d4551d452335ea359612a0.hook(Unknown Source:48)
10-30 00:05:39.813 12627 12627 E EdXposed-Bridge: 	at com.android.systemui.statusbar.KeyguardIndicationController$MiuiBaseKeyguardCallback.onRefreshBatteryInfo(KeyguardIndicationController.java:755)
10-30 00:05:39.813 12627 12627 E EdXposed-Bridge: 	at com.android.keyguard.KeyguardUpdateMonitor.sendUpdates(KeyguardUpdateMonitor.java:2781)
10-30 00:05:39.813 12627 12627 E EdXposed-Bridge: 	at com.android.keyguard.KeyguardUpdateMonitor.registerCallback(KeyguardUpdateMonitor.java:2761)
10-30 00:05:39.813 12627 12627 E EdXposed-Bridge: 	at com.android.systemui.statusbar.KeyguardIndicationController.<init>(KeyguardIndicationController.java:202)
10-30 00:05:39.813 12627 12627 E EdXposed-Bridge: 	at com.android.systemui.statusbar.KeyguardIndicationController_Factory.provideInstance(KeyguardIndicationController_Factory.java:101)
10-30 00:05:39.813 12627 12627 E EdXposed-Bridge: 	at com.android.systemui.statusbar.KeyguardIndicationController_Factory.get(KeyguardIndicationController_Factory.java:67)
10-30 00:05:39.813 12627 12627 E EdXposed-Bridge: 	at com.android.systemui.statusbar.KeyguardIndicationController_Factory.get(KeyguardIndicationController_Factory.java:17)
10-30 00:05:39.813 12627 12627 E EdXposed-Bridge: 	at dagger.internal.DoubleCheck.get(DoubleCheck.java:47)
10-30 00:05:39.813 12627 12627 E EdXposed-Bridge: 	at com.android.systemui.statusbar.phone.LockscreenLockIconController_Factory.provideInstance(LockscreenLockIconController_Factory.java:121)
10-30 00:05:39.813 12627 12627 E EdXposed-Bridge: 	at com.android.systemui.statusbar.phone.LockscreenLockIconController_Factory.get(LockscreenLockIconController_Factory.java:83)
10-30 00:05:39.813 12627 12627 E EdXposed-Bridge: 	at com.android.systemui.statusbar.phone.LockscreenLockIconController_Factory.get(LockscreenLockIconController_Factory.java:17)
10-30 00:05:39.813 12627 12627 E EdXposed-Bridge: 	at dagger.internal.DoubleCheck.get(DoubleCheck.java:47)
10-30 00:05:39.813 12627 12627 E EdXposed-Bridge: 	at com.android.systemui.statusbar.phone.dagger.StatusBarPhoneModule_ProvideStatusBarFactory.provideInstance(StatusBarPhoneModule_ProvideStatusBarFactory.java:619)
10-30 00:05:39.813 12627 12627 E EdXposed-Bridge: 	at com.android.systemui.statusbar.phone.dagger.StatusBarPhoneModule_ProvideStatusBarFactory.get(StatusBarPhoneModule_ProvideStatusBarFactory.java:414)
10-30 00:05:39.813 12627 12627 E EdXposed-Bridge: 	at com.android.systemui.statusbar.phone.dagger.StatusBarPhoneModule_ProvideStatusBarFactory.get(StatusBarPhoneModule_ProvideStatusBarFactory.java:89)
10-30 00:05:39.813 12627 12627 E EdXposed-Bridge: 	at dagger.internal.DoubleCheck.get(DoubleCheck.java:47)
10-30 00:05:39.813 12627 12627 E EdXposed-Bridge: 	at com.android.systemui.dagger.ContextComponentResolver.resolve(ContextComponentResolver.java:100)
10-30 00:05:39.813 12627 12627 E EdXposed-Bridge: 	at com.android.systemui.dagger.ContextComponentResolver.resolveSystemUI(ContextComponentResolver.java:93)
10-30 00:05:39.813 12627 12627 E EdXposed-Bridge: 	at com.android.systemui.SystemUIApplication.startServicesIfNeeded(SystemUIApplication.java:206)
10-30 00:05:39.813 12627 12627 E EdXposed-Bridge: 	at com.android.systemui.SystemUIApplication.startServicesIfNeeded(SystemUIApplication.java:160)
10-30 00:05:39.813 12627 12627 E EdXposed-Bridge: 	at com.android.systemui.keyguard.KeyguardService.onCreate(KeyguardService.java:61)
10-30 00:05:39.813 12627 12627 E EdXposed-Bridge: 	at android.app.ActivityThread.handleCreateService(ActivityThread.java:4252)
10-30 00:05:39.813 12627 12627 E EdXposed-Bridge: 	at android.app.ActivityThread.access$1600(ActivityThread.java:246)
10-30 00:05:39.813 12627 12627 E EdXposed-Bridge: 	at android.app.ActivityThread$H.handleMessage(ActivityThread.java:1974)
10-30 00:05:39.813 12627 12627 E EdXposed-Bridge: 	at android.os.Handler.dispatchMessage(Handler.java:106)
10-30 00:05:39.813 12627 12627 E EdXposed-Bridge: 	at android.os.Looper.loop(Looper.java:236)
10-30 00:05:39.813 12627 12627 E EdXposed-Bridge: 	at android.app.ActivityThread.main(ActivityThread.java:7876)
10-30 00:05:39.813 12627 12627 E EdXposed-Bridge: 	at java.lang.reflect.Method.invoke(Native Method)
10-30 00:05:39.813 12627 12627 E EdXposed-Bridge: 	at com.android.internal.os.RuntimeInit$MethodAndArgsCaller.run(RuntimeInit.java:656)
10-30 00:05:39.813 12627 12627 E EdXposed-Bridge: 	at com.android.internal.os.ZygoteInit.main(ZygoteInit.java:967)
10-30 00:05:39.888 12749 12749 I EdXposed-Bridge:   Loading class com.omarea.xposed.XposedInterface
10-30 00:05:39.902 12749 12749 I EdXposed-Bridge: Loading modules from /data/app/~~77ytTDD0P8_VTyO6DVTMUQ==/ru.jqwxqmlq.daegldyjl-tlOoA96u5FM2H-66UqXeEg==/base.apk
10-30 00:05:40.084 12749 12749 I EdXposed-Bridge:   Loading class com.xposed.XSupport
10-30 00:05:40.103 12749 12749 I EdXposed-Bridge: Loading modules from /data/app/~~01cNJfCZ6NQx4CtimmmREQ==/name.mikanoshi.customiuizer-f1oHvkBFfE9bKDh5GOsIQA==/base.apk
10-30 00:05:40.134 12749 12749 I EdXposed-Bridge:   Loading class name.mikanoshi.customiuizer.MainModule
10-30 00:05:40.513 12749 12749 I EdXposed-Bridge: [CustoMIUIzer][DisableAnyNotificationBlockHook] Failed to hook setBlockableSystem method in android.app.NotificationChannel
10-30 00:05:40.625 12627 12627 E EdXposed-Bridge: java.lang.NullPointerException: Attempt to invoke virtual method 'boolean java.lang.Boolean.booleanValue()' on a null object reference
10-30 00:05:40.625 12627 12627 E EdXposed-Bridge: 	at name.mikanoshi.customiuizer.mods.System$210.after(System.java:2)
10-30 00:05:40.625 12627 12627 E EdXposed-Bridge: 	at name.mikanoshi.customiuizer.utils.Helpers$MethodHook.afterHookedMethod(Helpers.java:1)
10-30 00:05:40.625 12627 12627 E EdXposed-Bridge: 	at de.robv.android.xposed.MethodHooker.handleHookedMethod(MethodHooker.java:94)
10-30 00:05:40.625 12627 12627 E EdXposed-Bridge: 	at EdHooker_b17946903b2945e318cf28c730ac6e4aa8163a76.hook(Unknown Source:43)
10-30 00:05:40.625 12627 12627 E EdXposed-Bridge: 	at com.android.systemui.SystemUIApplication.startServicesIfNeeded(SystemUIApplication.java:230)
10-30 00:05:40.625 12627 12627 E EdXposed-Bridge: 	at com.android.systemui.SystemUIApplication.startServicesIfNeeded(SystemUIApplication.java:160)
10-30 00:05:40.625 12627 12627 E EdXposed-Bridge: 	at com.android.systemui.keyguard.KeyguardService.onCreate(KeyguardService.java:61)
10-30 00:05:40.625 12627 12627 E EdXposed-Bridge: 	at android.app.ActivityThread.handleCreateService(ActivityThread.java:4252)
10-30 00:05:40.625 12627 12627 E EdXposed-Bridge: 	at android.app.ActivityThread.access$1600(ActivityThread.java:246)
10-30 00:05:40.625 12627 12627 E EdXposed-Bridge: 	at android.app.ActivityThread$H.handleMessage(ActivityThread.java:1974)
10-30 00:05:40.625 12627 12627 E EdXposed-Bridge: 	at android.os.Handler.dispatchMessage(Handler.java:106)
10-30 00:05:40.625 12627 12627 E EdXposed-Bridge: 	at android.os.Looper.loop(Looper.java:236)
10-30 00:05:40.625 12627 12627 E EdXposed-Bridge: 	at android.app.ActivityThread.main(ActivityThread.java:7876)
10-30 00:05:40.625 12627 12627 E EdXposed-Bridge: 	at java.lang.reflect.Method.invoke(Native Method)
10-30 00:05:40.625 12627 12627 E EdXposed-Bridge: 	at com.android.internal.os.RuntimeInit$MethodAndArgsCaller.run(RuntimeInit.java:656)
10-30 00:05:40.625 12627 12627 E EdXposed-Bridge: 	at com.android.internal.os.ZygoteInit.main(ZygoteInit.java:967)
10-30 00:05:41.154 12827 12827 I EdXposed-Bridge: Loading modules from /data/app/~~01cNJfCZ6NQx4CtimmmREQ==/name.mikanoshi.customiuizer-f1oHvkBFfE9bKDh5GOsIQA==/base.apk
10-30 00:05:41.192 12827 12827 I EdXposed-Bridge:   Loading class name.mikanoshi.customiuizer.MainModule
10-30 00:05:41.352 12864 12864 I EdXposed-Bridge: Loading modules from /data/app/~~FGlpaeIzriTj49h73Iwx7Q==/com.omarea.vtools-tgKydiaJBm_VCpE7dwkWxg==/base.apk
10-30 00:05:41.373 12833 12833 I EdXposed-Bridge: Loading modules from /data/app/~~01cNJfCZ6NQx4CtimmmREQ==/name.mikanoshi.customiuizer-f1oHvkBFfE9bKDh5GOsIQA==/base.apk
10-30 00:05:41.373 12627 12627 I EdXposed-Bridge: MIUI MIUI Ver: V125
10-30 00:05:41.408 12833 12833 I EdXposed-Bridge:   Loading class name.mikanoshi.customiuizer.MainModule
10-30 00:05:41.478 12827 12827 I EdXposed-Bridge: [CustoMIUIzer][DisableAnyNotificationBlockHook] Failed to hook setBlockableSystem method in android.app.NotificationChannel
10-30 00:05:41.583 12827 12827 I EdXposed-Bridge: Loading modules from /data/app/~~FGlpaeIzriTj49h73Iwx7Q==/com.omarea.vtools-tgKydiaJBm_VCpE7dwkWxg==/base.apk
10-30 00:05:41.687 12864 12864 I EdXposed-Bridge:   Loading class com.omarea.xposed.XposedInterface
10-30 00:05:41.707 12864 12864 I EdXposed-Bridge: Loading modules from /data/app/~~77ytTDD0P8_VTyO6DVTMUQ==/ru.jqwxqmlq.daegldyjl-tlOoA96u5FM2H-66UqXeEg==/base.apk
10-30 00:05:41.781  8706 10184 I EdXposed-Bridge: MIUI  
10-30 00:05:41.874 12893 12893 I EdXposed-Bridge: Loading modules from /data/app/~~FGlpaeIzriTj49h73Iwx7Q==/com.omarea.vtools-tgKydiaJBm_VCpE7dwkWxg==/base.apk
10-30 00:05:41.915 12833 12833 I EdXposed-Bridge: [CustoMIUIzer][DisableAnyNotificationBlockHook] Failed to hook setBlockableSystem method in android.app.NotificationChannel
10-30 00:05:41.973 12887 12887 I EdXposed-Bridge: Loading modules from /data/app/~~01cNJfCZ6NQx4CtimmmREQ==/name.mikanoshi.customiuizer-f1oHvkBFfE9bKDh5GOsIQA==/base.apk
10-30 00:05:42.102 12887 12887 I EdXposed-Bridge:   Loading class name.mikanoshi.customiuizer.MainModule
10-30 00:05:42.117 12833 12833 I EdXposed-Bridge: Loading modules from /data/app/~~FGlpaeIzriTj49h73Iwx7Q==/com.omarea.vtools-tgKydiaJBm_VCpE7dwkWxg==/base.apk
10-30 00:05:42.207 12827 12827 I EdXposed-Bridge:   Loading class com.omarea.xposed.XposedInterface
10-30 00:05:42.240 12827 12827 I EdXposed-Bridge: Loading modules from /data/app/~~77ytTDD0P8_VTyO6DVTMUQ==/ru.jqwxqmlq.daegldyjl-tlOoA96u5FM2H-66UqXeEg==/base.apk
10-30 00:05:42.358 12864 12864 I EdXposed-Bridge:   Loading class com.xposed.XSupport
10-30 00:05:42.360 12953 12953 I EdXposed-Bridge: Loading modules from /data/app/~~FGlpaeIzriTj49h73Iwx7Q==/com.omarea.vtools-tgKydiaJBm_VCpE7dwkWxg==/base.apk
10-30 00:05:42.392 12864 12864 I EdXposed-Bridge: Loading modules from /data/app/~~01cNJfCZ6NQx4CtimmmREQ==/name.mikanoshi.customiuizer-f1oHvkBFfE9bKDh5GOsIQA==/base.apk
10-30 00:05:42.421 12930 12930 I EdXposed-Bridge: Loading modules from /data/app/~~FGlpaeIzriTj49h73Iwx7Q==/com.omarea.vtools-tgKydiaJBm_VCpE7dwkWxg==/base.apk
10-30 00:05:42.423 12627 12912 I EdXposed-Bridge: MIUI  
10-30 00:05:42.445 12919 12919 I EdXposed-Bridge: Loading modules from /data/app/~~FGlpaeIzriTj49h73Iwx7Q==/com.omarea.vtools-tgKydiaJBm_VCpE7dwkWxg==/base.apk
10-30 00:05:42.451 12864 12864 I EdXposed-Bridge:   Loading class name.mikanoshi.customiuizer.MainModule
10-30 00:05:42.574 12893 12893 I EdXposed-Bridge:   Loading class com.omarea.xposed.XposedInterface
10-30 00:05:42.587 12627 12627 E EdXposed-Bridge: java.lang.NoSuchMethodError: com.android.systemui.statusbar.KeyguardIndicationController#updateIndication()#bestmatch
10-30 00:05:42.587 12627 12627 E EdXposed-Bridge: 	at de.robv.android.xposed.XposedHelpers.findMethodBestMatch(XposedHelpers.java:405)
10-30 00:05:42.587 12627 12627 E EdXposed-Bridge: 	at de.robv.android.xposed.XposedHelpers.findMethodBestMatch(XposedHelpers.java:456)
10-30 00:05:42.587 12627 12627 E EdXposed-Bridge: 	at de.robv.android.xposed.XposedHelpers.callMethod(XposedHelpers.java:1263)
10-30 00:05:42.587 12627 12627 E EdXposed-Bridge: 	at name.mikanoshi.customiuizer.mods.System$310.after(System.java:3)
10-30 00:05:42.587 12627 12627 E EdXposed-Bridge: 	at name.mikanoshi.customiuizer.utils.Helpers$MethodHook.afterHookedMethod(Helpers.java:1)
10-30 00:05:42.587 12627 12627 E EdXposed-Bridge: 	at de.robv.android.xposed.MethodHooker.handleHookedMethod(MethodHooker.java:94)
10-30 00:05:42.587 12627 12627 E EdXposed-Bridge: 	at EdHooker_f8ad5f504e4fa8ad95d4551d452335ea359612a0.hook(Unknown Source:48)
10-30 00:05:42.587 12627 12627 E EdXposed-Bridge: 	at com.android.systemui.statusbar.KeyguardIndicationController$MiuiBaseKeyguardCallback.onRefreshBatteryInfo(KeyguardIndicationController.java:755)
10-30 00:05:42.587 12627 12627 E EdXposed-Bridge: 	at com.android.keyguard.KeyguardUpdateMonitor.handleBatteryUpdate(KeyguardUpdateMonitor.java:2484)
10-30 00:05:42.587 12627 12627 E EdXposed-Bridge: 	at com.android.keyguard.KeyguardUpdateMonitor.access$2600(KeyguardUpdateMonitor.java:149)
10-30 00:05:42.587 12627 12627 E EdXposed-Bridge: 	at com.android.keyguard.KeyguardUpdateMonitor$15.handleMessage(KeyguardUpdateMonitor.java:1666)
10-30 00:05:42.587 12627 12627 E EdXposed-Bridge: 	at android.os.Handler.dispatchMessage(Handler.java:106)
10-30 00:05:42.587 12627 12627 E EdXposed-Bridge: 	at android.os.Looper.loop(Looper.java:236)
10-30 00:05:42.587 12627 12627 E EdXposed-Bridge: 	at android.app.ActivityThread.main(ActivityThread.java:7876)
10-30 00:05:42.587 12627 12627 E EdXposed-Bridge: 	at java.lang.reflect.Method.invoke(Native Method)
10-30 00:05:42.587 12627 12627 E EdXposed-Bridge: 	at com.android.internal.os.RuntimeInit$MethodAndArgsCaller.run(RuntimeInit.java:656)
10-30 00:05:42.587 12627 12627 E EdXposed-Bridge: 	at com.android.internal.os.ZygoteInit.main(ZygoteInit.java:967)
10-30 00:05:42.590 12937 12937 I EdXposed-Bridge: Loading modules from /data/app/~~01cNJfCZ6NQx4CtimmmREQ==/name.mikanoshi.customiuizer-f1oHvkBFfE9bKDh5GOsIQA==/base.apk
10-30 00:05:42.629 12893 12893 I EdXposed-Bridge: Loading modules from /data/app/~~77ytTDD0P8_VTyO6DVTMUQ==/ru.jqwxqmlq.daegldyjl-tlOoA96u5FM2H-66UqXeEg==/base.apk
10-30 00:05:42.675 12887 12887 I EdXposed-Bridge: [CustoMIUIzer][DisableAnyNotificationBlockHook] Failed to hook setBlockableSystem method in android.app.NotificationChannel
10-30 00:05:42.696 12937 12937 I EdXposed-Bridge:   Loading class name.mikanoshi.customiuizer.MainModule
10-30 00:05:42.810 12627 12627 E EdXposed-Bridge: java.lang.NullPointerException: Attempt to invoke virtual method 'boolean java.lang.Boolean.booleanValue()' on a null object reference
10-30 00:05:42.810 12627 12627 E EdXposed-Bridge: 	at name.mikanoshi.customiuizer.mods.System$205.after(System.java:2)
10-30 00:05:42.810 12627 12627 E EdXposed-Bridge: 	at name.mikanoshi.customiuizer.utils.Helpers$MethodHook.afterHookedMethod(Helpers.java:1)
10-30 00:05:42.810 12627 12627 E EdXposed-Bridge: 	at de.robv.android.xposed.MethodHooker.handleHookedMethod(MethodHooker.java:94)
10-30 00:05:42.810 12627 12627 E EdXposed-Bridge: 	at EdHooker_a1dfc516a367aae23813b860e82b4a16ec8a9b1c.hook(Unknown Source:50)
10-30 00:05:42.810 12627 12627 E EdXposed-Bridge: 	at com.android.systemui.statusbar.phone.NotificationPanelViewController.updatePanelExpanded(NotificationPanelViewController.java:2115)
10-30 00:05:42.810 12627 12627 E EdXposed-Bridge: 	at com.android.systemui.statusbar.phone.MiuiNotificationPanelViewController.updatePanelExpanded(MiuiNotificationPanelViewController.kt:1675)
10-30 00:05:42.810 12627 12627 E EdXposed-Bridge: 	at com.android.systemui.statusbar.phone.NotificationPanelViewController.onHeightUpdated(NotificationPanelViewController.java:2102)
10-30 00:05:42.810 12627 12627 E EdXposed-Bridge: 	at com.android.systemui.statusbar.phone.PanelViewController.setExpandedHeightInternal(PanelViewController.java:730)
10-30 00:05:42.810 12627 12627 E EdXposed-Bridge: 	at com.android.systemui.statusbar.phone.MiuiNotificationPanelViewController.setExpandedHeightInternal(MiuiNotificationPanelViewController.kt:374)
10-30 00:05:42.810 12627 12627 E EdXposed-Bridge: 	at com.android.systemui.statusbar.phone.PanelViewController.setExpandedHeight(PanelViewController.java:667)
10-30 00:05:42.810 12627 12627 E EdXposed-Bridge: 	at com.android.systemui.statusbar.phone.PanelViewController.setExpandedFraction(PanelViewController.java:757)
10-30 00:05:42.810 12627 12627 E EdXposed-Bridge: 	at com.android.systemui.statusbar.phone.PanelViewController$5.onGlobalLayout(PanelViewController.java:865)
10-30 00:05:42.810 12627 12627 E EdXposed-Bridge: 	at android.view.ViewTreeObserver.dispatchOnGlobalLayout(ViewTreeObserver.java:1061)
10-30 00:05:42.810 12627 12627 E EdXposed-Bridge: 	at android.view.ViewRootImpl.performTraversals(ViewRootImpl.java:3092)
10-30 00:05:42.810 12627 12627 E EdXposed-Bridge: 	at android.view.ViewRootImpl.doTraversal(ViewRootImpl.java:2053)
10-30 00:05:42.810 12627 12627 E EdXposed-Bridge: 	at android.view.ViewRootImpl$TraversalRunnable.run(ViewRootImpl.java:8382)
10-30 00:05:42.810 12627 12627 E EdXposed-Bridge: 	at android.view.Choreographer$CallbackRecord.run(Choreographer.java:1058)
10-30 00:05:42.810 12627 12627 E EdXposed-Bridge: 	at android.view.Choreographer.doCallbacks(Choreographer.java:880)
10-30 00:05:42.810 12627 12627 E EdXposed-Bridge: 	at android.view.Choreographer.doFrame(Choreographer.java:813)
10-30 00:05:42.810 12627 12627 E EdXposed-Bridge: 	at android.view.Choreographer$FrameDisplayEventReceiver.run(Choreographer.java:1043)
10-30 00:05:42.810 12627 12627 E EdXposed-Bridge: 	at android.os.Handler.handleCallback(Handler.java:938)
10-30 00:05:42.810 12627 12627 E EdXposed-Bridge: 	at android.os.Handler.dispatchMessage(Handler.java:99)
10-30 00:05:42.810 12627 12627 E EdXposed-Bridge: 	at android.os.Looper.loop(Looper.java:236)
10-30 00:05:42.810 12627 12627 E EdXposed-Bridge: 	at android.app.ActivityThread.main(ActivityThread.java:7876)
10-30 00:05:42.810 12627 12627 E EdXposed-Bridge: 	at java.lang.reflect.Method.invoke(Native Method)
10-30 00:05:42.810 12627 12627 E EdXposed-Bridge: 	at com.android.internal.os.RuntimeInit$MethodAndArgsCaller.run(RuntimeInit.java:656)
10-30 00:05:42.810 12627 12627 E EdXposed-Bridge: 	at com.android.internal.os.ZygoteInit.main(ZygoteInit.java:967)
10-30 00:05:42.868 12833 12833 I EdXposed-Bridge:   Loading class com.omarea.xposed.XposedInterface
10-30 00:05:42.888 12887 12887 I EdXposed-Bridge: Loading modules from /data/app/~~FGlpaeIzriTj49h73Iwx7Q==/com.omarea.vtools-tgKydiaJBm_VCpE7dwkWxg==/base.apk
10-30 00:05:42.902 12827 12827 I EdXposed-Bridge:   Loading class com.xposed.XSupport
10-30 00:05:42.934 12833 12833 I EdXposed-Bridge: Loading modules from /data/app/~~77ytTDD0P8_VTyO6DVTMUQ==/ru.jqwxqmlq.daegldyjl-tlOoA96u5FM2H-66UqXeEg==/base.apk
10-30 00:05:42.980 12930 12930 I EdXposed-Bridge:   Loading class com.omarea.xposed.XposedInterface
